<html>
<body>
<pre>
<h1>µVision Build Log</h1>
<h2>Project:</h2>
C:\Users\Victor\Desktop\MTECH\ESD\Keil\lab\exp5\exp5.uvproj
Project File Date:  03/11/2022

<h2>Output:</h2>
Build target 'Target 1'
compiling main.c...
main.c(43): warning:  #1295-D: Deprecated declaration externalinterruptfunction - give arg types
main.c(113): warning:  #111-D: statement is unreachable
main.c(122): warning:  #940-D: missing return statement at end of non-void function "delay"
main.c(164): warning:  #1-D: last line of file ends without a newline
linking...
Program Size: Code=1396 RO-data=16 RW-data=0 ZI-data=1256  
FromELF: creating hex file...
User command #1: fromelf --bin .\exp5.axf -o .\exp5.bin
"exp5.axf" - 0 Error(s), 4 Warning(s).
