<html>
<body>
<pre>
<h1>µVision Build Log</h1>
<h2>Project:</h2>
C:\Users\Victor\Desktop\MTECH\ESD\Keil\lab\exp6\timer.uvproj
Project File Date:  03/16/2022

<h2>Output:</h2>
Build target 'Target 1'
assembling Startup.s...
compiling main.c...
main.c(42): warning:  #1295-D: Deprecated declaration initpulsing_led - give arg types
main.c(44): warning:  #1295-D: Deprecated declaration ledpulsingroutine - give arg types
main.c(72): warning:  #111-D: statement is unreachable
linking...
Program Size: Code=2240 RO-data=32 RW-data=20 ZI-data=1260  
FromELF: creating hex file...
User command #1: fromelf --bin timer.axf -o timer.bin
"timer.axf" - 0 Error(s), 3 Warning(s).
Build target 'Target 1'
compiling main.c...
main.c(42): warning:  #1295-D: Deprecated declaration initpulsing_led - give arg types
main.c(44): warning:  #1295-D: Deprecated declaration ledpulsingroutine - give arg types
main.c(72): warning:  #111-D: statement is unreachable
linking...
Program Size: Code=2236 RO-data=32 RW-data=20 ZI-data=1260  
FromELF: creating hex file...
User command #1: fromelf --bin timer.axf -o timer.bin
"timer.axf" - 0 Error(s), 3 Warning(s).
Build target 'Target 1'
compiling main.c...
main.c(42): warning:  #1295-D: Deprecated declaration initpulsing_led - give arg types
main.c(44): warning:  #1295-D: Deprecated declaration ledpulsingroutine - give arg types
main.c(72): warning:  #111-D: statement is unreachable
linking...
Program Size: Code=2236 RO-data=32 RW-data=20 ZI-data=1260  
FromELF: creating hex file...
User command #1: fromelf --bin timer.axf -o timer.bin
"timer.axf" - 0 Error(s), 3 Warning(s).
Build target 'Target 1'
compiling main.c...
main.c(42): warning:  #1295-D: Deprecated declaration initpulsing_led - give arg types
main.c(44): warning:  #1295-D: Deprecated declaration ledpulsingroutine - give arg types
main.c(72): warning:  #111-D: statement is unreachable
linking...
Program Size: Code=2240 RO-data=32 RW-data=20 ZI-data=1260  
FromELF: creating hex file...
User command #1: fromelf --bin timer.axf -o timer.bin
"timer.axf" - 0 Error(s), 3 Warning(s).
Build target 'Target 1'
compiling main.c...
main.c(41): warning:  #1295-D: Deprecated declaration initpulsing_led - give arg types
main.c(43): warning:  #1295-D: Deprecated declaration ledpulsingroutine - give arg types
main.c(67): warning:  #111-D: statement is unreachable
main.c(53): warning:  #177-D: variable "i" was declared but never referenced
linking...
Program Size: Code=2188 RO-data=32 RW-data=20 ZI-data=1260  
FromELF: creating hex file...
User command #1: fromelf --bin timer.axf -o timer.bin
"timer.axf" - 0 Error(s), 4 Warning(s).
Build target 'Target 1'
compiling main.c...
main.c(41): warning:  #1295-D: Deprecated declaration initpulsing_led - give arg types
main.c(43): warning:  #1295-D: Deprecated declaration ledpulsingroutine - give arg types
main.c(68): warning:  #111-D: statement is unreachable
main.c(53): warning:  #177-D: variable "i" was declared but never referenced
linking...
Program Size: Code=2196 RO-data=32 RW-data=20 ZI-data=1260  
FromELF: creating hex file...
User command #1: fromelf --bin timer.axf -o timer.bin
"timer.axf" - 0 Error(s), 4 Warning(s).
Build target 'Target 1'
compiling main.c...
main.c(41): warning:  #1295-D: Deprecated declaration initpulsing_led - give arg types
main.c(43): warning:  #1295-D: Deprecated declaration ledpulsingroutine - give arg types
main.c(70): warning:  #111-D: statement is unreachable
main.c(53): warning:  #177-D: variable "i" was declared but never referenced
linking...
Program Size: Code=2220 RO-data=32 RW-data=20 ZI-data=1260  
FromELF: creating hex file...
User command #1: fromelf --bin timer.axf -o timer.bin
"timer.axf" - 0 Error(s), 4 Warning(s).
Build target 'Target 1'
compiling main.c...
main.c(41): warning:  #1295-D: Deprecated declaration initpulsing_led - give arg types
main.c(43): warning:  #1295-D: Deprecated declaration ledpulsingroutine - give arg types
main.c(69): warning:  #111-D: statement is unreachable
main.c(53): warning:  #177-D: variable "i" was declared but never referenced
linking...
Program Size: Code=2196 RO-data=32 RW-data=20 ZI-data=1260  
FromELF: creating hex file...
User command #1: fromelf --bin timer.axf -o timer.bin
"timer.axf" - 0 Error(s), 4 Warning(s).
Build target 'Target 1'
compiling main.c...
main.c(41): warning:  #1295-D: Deprecated declaration initpulsing_led - give arg types
main.c(43): warning:  #1295-D: Deprecated declaration ledpulsingroutine - give arg types
main.c(69): warning:  #111-D: statement is unreachable
main.c(53): warning:  #177-D: variable "i" was declared but never referenced
linking...
Program Size: Code=2184 RO-data=32 RW-data=20 ZI-data=1260  
FromELF: creating hex file...
User command #1: fromelf --bin timer.axf -o timer.bin
"timer.axf" - 0 Error(s), 4 Warning(s).
Build target 'Target 1'
compiling main.c...
main.c(41): warning:  #1295-D: Deprecated declaration initpulsing_led - give arg types
main.c(43): warning:  #1295-D: Deprecated declaration ledpulsingroutine - give arg types
main.c(69): warning:  #111-D: statement is unreachable
main.c(53): warning:  #177-D: variable "i" was declared but never referenced
linking...
Program Size: Code=2176 RO-data=32 RW-data=20 ZI-data=1260  
FromELF: creating hex file...
User command #1: fromelf --bin timer.axf -o timer.bin
"timer.axf" - 0 Error(s), 4 Warning(s).
Build target 'Target 1'
linking...
Program Size: Code=2176 RO-data=32 RW-data=20 ZI-data=1260  
FromELF: creating hex file...
User command #1: fromelf --bin timer.axf -o timer.bin
"timer.axf" - 0 Error(s), 0 Warning(s).
Build target 'Target 1'
linking...
Program Size: Code=2176 RO-data=32 RW-data=20 ZI-data=1260  
FromELF: creating hex file...
User command #1: fromelf --bin timer.axf -o timer.bin
"timer.axf" - 0 Error(s), 0 Warning(s).
Build target 'Target 1'
linking...
Program Size: Code=2176 RO-data=32 RW-data=20 ZI-data=1260  
FromELF: creating hex file...
User command #1: fromelf --bin timer.axf -o timer.bin
"timer.axf" - 0 Error(s), 0 Warning(s).
