<html>
<body>
<pre>
<h1>µVision Build Log</h1>
<h2>Project:</h2>
C:\Users\Victor\Desktop\MTECH\ESD\Keil\lab\test_keil\test-keil.uvproj
Project File Date:  03/15/2022

<h2>Output:</h2>
Build target 'Target 1'
assembling Startup.s...
compiling main_adc.c...
..\exp7\main_adc.c(181): warning:  #111-D: statement is unreachable
linking...
Program Size: Code=3528 RO-data=16 RW-data=0 ZI-data=1256  
FromELF: creating hex file...
User command #1: fromelf.exe --bin test-keil.axf --output test-keil.bin
"test-keil.axf" - 0 Error(s), 1 Warning(s).
Build target 'Target 1'
assembling Startup.s...
compiling main_adc.c...
..\exp7\main_adc.c(181): warning:  #111-D: statement is unreachable
linking...
Program Size: Code=3528 RO-data=16 RW-data=0 ZI-data=1256  
FromELF: creating hex file...
User command #1: fromelf.exe --bin test-keil.axf --output test-keil.bin
"test-keil.axf" - 0 Error(s), 1 Warning(s).
Build target 'Target 1'
compiling main_adc.c...
..\exp7\main_adc.c(182): warning:  #111-D: statement is unreachable
linking...
Program Size: Code=3548 RO-data=16 RW-data=0 ZI-data=1256  
FromELF: creating hex file...
User command #1: fromelf.exe --bin test-keil.axf --output test-keil.bin
"test-keil.axf" - 0 Error(s), 1 Warning(s).
Build target 'Target 1'
compiling main_adc.c...
..\exp7\main_adc.c(154): error:  #18: expected a ")"
..\exp7\main_adc.c(182): warning:  #111-D: statement is unreachable
Target not created
Build target 'Target 1'
compiling main_adc.c...
..\exp7\main_adc.c(182): warning:  #111-D: statement is unreachable
linking...
Program Size: Code=3548 RO-data=16 RW-data=0 ZI-data=1256  
FromELF: creating hex file...
User command #1: fromelf.exe --bin test-keil.axf --output test-keil.bin
"test-keil.axf" - 0 Error(s), 1 Warning(s).
Build target 'Target 1'
compiling main_adc.c...
..\exp7\main_adc.c(182): warning:  #111-D: statement is unreachable
linking...
Program Size: Code=3412 RO-data=16 RW-data=0 ZI-data=1256  
FromELF: creating hex file...
User command #1: fromelf.exe --bin test-keil.axf --output test-keil.bin
"test-keil.axf" - 0 Error(s), 1 Warning(s).
compiling main_adc.c...
..\exp7\main_adc.c(183): warning:  #111-D: statement is unreachable
..\exp7\main_adc.c - 0 Error(s), 1 Warning(s).
Build target 'Target 1'
linking...
Program Size: Code=4068 RO-data=16 RW-data=0 ZI-data=1256  
FromELF: creating hex file...
User command #1: fromelf.exe --bin test-keil.axf --output test-keil.bin
"test-keil.axf" - 0 Error(s), 0 Warning(s).
Build target 'Target 1'
assembling Startup.s...
compiling main_adc.c...
..\exp7\main_adc.c(183): warning:  #111-D: statement is unreachable
linking...
Program Size: Code=3968 RO-data=16 RW-data=0 ZI-data=1256  
FromELF: creating hex file...
User command #1: fromelf.exe --bin test-keil.axf --output test-keil.bin
"test-keil.axf" - 0 Error(s), 1 Warning(s).
Build target 'Target 1'
compiling main_adc.c...
..\exp7\main_adc.c(183): warning:  #111-D: statement is unreachable
linking...
Program Size: Code=4020 RO-data=16 RW-data=0 ZI-data=1256  
FromELF: creating hex file...
User command #1: fromelf.exe --bin test-keil.axf --output test-keil.bin
"test-keil.axf" - 0 Error(s), 1 Warning(s).
compiling main_adc.c...
..\exp7\main_adc.c(183): warning:  #111-D: statement is unreachable
..\exp7\main_adc.c - 0 Error(s), 1 Warning(s).
Build target 'Target 1'
linking...
Program Size: Code=4020 RO-data=16 RW-data=0 ZI-data=1256  
FromELF: creating hex file...
User command #1: fromelf.exe --bin test-keil.axf --output test-keil.bin
"test-keil.axf" - 0 Error(s), 0 Warning(s).
Build target 'Target 1'
compiling main_adc.c...
..\exp7\main_adc.c(183): warning:  #111-D: statement is unreachable
linking...
Program Size: Code=4068 RO-data=16 RW-data=0 ZI-data=1256  
FromELF: creating hex file...
User command #1: fromelf.exe --bin test-keil.axf --output test-keil.bin
"test-keil.axf" - 0 Error(s), 1 Warning(s).
Build target 'Target 1'
compiling main_adc.c...
..\exp7\main_adc.c(183): warning:  #111-D: statement is unreachable
linking...
Program Size: Code=4516 RO-data=16 RW-data=0 ZI-data=1256  
FromELF: creating hex file...
User command #1: fromelf.exe --bin test-keil.axf --output test-keil.bin
"test-keil.axf" - 0 Error(s), 1 Warning(s).
compiling main_adc.c...
..\exp7\main_adc.c(183): warning:  #111-D: statement is unreachable
..\exp7\main_adc.c - 0 Error(s), 1 Warning(s).
Build target 'Target 1'
assembling Startup.s...
compiling main_adc.c...
..\exp7\main_adc.c(183): warning:  #111-D: statement is unreachable
linking...
Program Size: Code=4536 RO-data=16 RW-data=0 ZI-data=1256  
FromELF: creating hex file...
User command #1: fromelf.exe --bin test-keil.axf --output test-keil.bin
"test-keil.axf" - 0 Error(s), 1 Warning(s).
Build target 'Target 1'
compiling main_adc.c...
..\exp7\main_adc.c(182): warning:  #111-D: statement is unreachable
linking...
Program Size: Code=3432 RO-data=16 RW-data=0 ZI-data=1256  
FromELF: creating hex file...
User command #1: fromelf.exe --bin test-keil.axf --output test-keil.bin
"test-keil.axf" - 0 Error(s), 1 Warning(s).
