<html>
<body>
<pre>
<h1>µVision Build Log</h1>
<h2>Project:</h2>
C:\Users\Victor\Desktop\MTECH\ESD\Keil\lab\exp11\spi.uvproj
Project File Date:  04/05/2022

<h2>Output:</h2>
Build target 'Target 1'
compiling master_main.c...
master_main.c(2): error:  #5: cannot open source input file "includes/uart.h": No such file or directory
compiling spi0.c...
spi0.c(2): error:  #5: cannot open source input file "includes/utils.h": No such file or directory
compiling uart.c...
uart.h(18): warning:  #1295-D: Deprecated declaration readRBR - give arg types
uart.h(24): warning:  #1295-D: Deprecated declaration enableDLAB - give arg types
uart.h(26): warning:  #1295-D: Deprecated declaration disableDLAB - give arg types
uart.h(32): warning:  #1295-D: Deprecated declaration enableFIFO - give arg types
uart.h(34): warning:  #1295-D: Deprecated declaration disableFIFO - give arg types
uart.h(36): warning:  #1295-D: Deprecated declaration cleanFIFOregs - give arg types
uart.h(40): warning:  #1295-D: Deprecated declaration setLineCtrlReg - give arg types
uart.h(42): warning:  #1295-D: Deprecated declaration getlinestatus - give arg types
uart.h(44): warning:  #1295-D: Deprecated declaration enabletransmit - give arg types
uart.h(46): warning:  #1295-D: Deprecated declaration disabletransmit - give arg types
uart.h(48): warning:  #1295-D: Deprecated declaration uart0routine - give arg types
utils.h(43): warning:  #1-D: last line of file ends without a newline
compiling utils.c...
utils.h(43): warning:  #1-D: last line of file ends without a newline
Target not created
Build target 'Target 1'
compiling master_main.c...
master_main.c(2): error:  #5: cannot open source input file "includes/uart.h": No such file or directory
compiling spi0.c...
utils.h(43): warning:  #1-D: last line of file ends without a newline
spi0.h(29): warning:  #1295-D: Deprecated declaration spi0_masterinit - give arg types
spi0.h(32): warning:  #1295-D: Deprecated declaration spi0_masterread - give arg types
spi0.h(34): warning:  #1295-D: Deprecated declaration spi0_slaveinit - give arg types
spi0.h(36): warning:  #1295-D: Deprecated declaration spi0_slaveread - give arg types
spi0.h(38): warning:  #1295-D: Deprecated declaration spi0_slaveroutine - give arg types
spi0.h(40): warning:  #1-D: last line of file ends without a newline
spi0.c(102): warning:  #1-D: last line of file ends without a newline
Target not created
Build target 'Target 1'
compiling master_main.c...
uart.h(18): warning:  #1295-D: Deprecated declaration readRBR - give arg types
uart.h(24): warning:  #1295-D: Deprecated declaration enableDLAB - give arg types
uart.h(26): warning:  #1295-D: Deprecated declaration disableDLAB - give arg types
uart.h(32): warning:  #1295-D: Deprecated declaration enableFIFO - give arg types
uart.h(34): warning:  #1295-D: Deprecated declaration disableFIFO - give arg types
uart.h(36): warning:  #1295-D: Deprecated declaration cleanFIFOregs - give arg types
uart.h(40): warning:  #1295-D: Deprecated declaration setLineCtrlReg - give arg types
uart.h(42): warning:  #1295-D: Deprecated declaration getlinestatus - give arg types
uart.h(44): warning:  #1295-D: Deprecated declaration enabletransmit - give arg types
uart.h(46): warning:  #1295-D: Deprecated declaration disabletransmit - give arg types
uart.h(48): warning:  #1295-D: Deprecated declaration uart0routine - give arg types
utils.h(43): warning:  #1-D: last line of file ends without a newline
spi0.h(29): warning:  #1295-D: Deprecated declaration spi0_masterinit - give arg types
spi0.h(32): warning:  #1295-D: Deprecated declaration spi0_masterread - give arg types
spi0.h(34): warning:  #1295-D: Deprecated declaration spi0_slaveinit - give arg types
spi0.h(36): warning:  #1295-D: Deprecated declaration spi0_slaveread - give arg types
spi0.h(38): warning:  #1295-D: Deprecated declaration spi0_slaveroutine - give arg types
spi0.h(40): warning:  #1-D: last line of file ends without a newline
master_main.c(23): warning:  #111-D: statement is unreachable
master_main.c(24): warning:  #1-D: last line of file ends without a newline
linking...
spi.axf: Error: L6218E: Undefined symbol setpll (referred from master_main.o).
Target not created
Build target 'Target 1'
compiling master_main.c...
uart.h(18): warning:  #1295-D: Deprecated declaration readRBR - give arg types
uart.h(24): warning:  #1295-D: Deprecated declaration enableDLAB - give arg types
uart.h(26): warning:  #1295-D: Deprecated declaration disableDLAB - give arg types
uart.h(32): warning:  #1295-D: Deprecated declaration enableFIFO - give arg types
uart.h(34): warning:  #1295-D: Deprecated declaration disableFIFO - give arg types
uart.h(36): warning:  #1295-D: Deprecated declaration cleanFIFOregs - give arg types
uart.h(40): warning:  #1295-D: Deprecated declaration setLineCtrlReg - give arg types
uart.h(42): warning:  #1295-D: Deprecated declaration getlinestatus - give arg types
uart.h(44): warning:  #1295-D: Deprecated declaration enabletransmit - give arg types
uart.h(46): warning:  #1295-D: Deprecated declaration disabletransmit - give arg types
uart.h(48): warning:  #1295-D: Deprecated declaration uart0routine - give arg types
utils.h(43): warning:  #1-D: last line of file ends without a newline
spi0.h(29): warning:  #1295-D: Deprecated declaration spi0_masterinit - give arg types
spi0.h(32): warning:  #1295-D: Deprecated declaration spi0_masterread - give arg types
spi0.h(34): warning:  #1295-D: Deprecated declaration spi0_slaveinit - give arg types
spi0.h(36): warning:  #1295-D: Deprecated declaration spi0_slaveread - give arg types
spi0.h(38): warning:  #1295-D: Deprecated declaration spi0_slaveroutine - give arg types
spi0.h(40): warning:  #1-D: last line of file ends without a newline
master_main.c(23): warning:  #111-D: statement is unreachable
master_main.c(24): warning:  #1-D: last line of file ends without a newline
compiling spi0.c...
utils.h(43): warning:  #1-D: last line of file ends without a newline
spi0.h(29): warning:  #1295-D: Deprecated declaration spi0_masterinit - give arg types
spi0.h(32): warning:  #1295-D: Deprecated declaration spi0_masterread - give arg types
spi0.h(34): warning:  #1295-D: Deprecated declaration spi0_slaveinit - give arg types
spi0.h(36): warning:  #1295-D: Deprecated declaration spi0_slaveread - give arg types
spi0.h(38): warning:  #1295-D: Deprecated declaration spi0_slaveroutine - give arg types
spi0.h(40): warning:  #1-D: last line of file ends without a newline
spi0.c(102): warning:  #1-D: last line of file ends without a newline
compiling uart.c...
uart.h(18): warning:  #1295-D: Deprecated declaration readRBR - give arg types
uart.h(24): warning:  #1295-D: Deprecated declaration enableDLAB - give arg types
uart.h(26): warning:  #1295-D: Deprecated declaration disableDLAB - give arg types
uart.h(32): warning:  #1295-D: Deprecated declaration enableFIFO - give arg types
uart.h(34): warning:  #1295-D: Deprecated declaration disableFIFO - give arg types
uart.h(36): warning:  #1295-D: Deprecated declaration cleanFIFOregs - give arg types
uart.h(40): warning:  #1295-D: Deprecated declaration setLineCtrlReg - give arg types
uart.h(42): warning:  #1295-D: Deprecated declaration getlinestatus - give arg types
uart.h(44): warning:  #1295-D: Deprecated declaration enabletransmit - give arg types
uart.h(46): warning:  #1295-D: Deprecated declaration disabletransmit - give arg types
uart.h(48): warning:  #1295-D: Deprecated declaration uart0routine - give arg types
utils.h(43): warning:  #1-D: last line of file ends without a newline
compiling utils.c...
utils.h(43): warning:  #1-D: last line of file ends without a newline
linking...
spi.axf: Error: L6200E: Symbol BUFFER multiply defined (by uart.o and spi0.o).
Target not created
Build target 'Target 1'
compiling spi0.c...
utils.h(43): warning:  #1-D: last line of file ends without a newline
spi0.h(29): warning:  #1295-D: Deprecated declaration spi0_masterinit - give arg types
spi0.h(32): warning:  #1295-D: Deprecated declaration spi0_masterread - give arg types
spi0.h(34): warning:  #1295-D: Deprecated declaration spi0_slaveinit - give arg types
spi0.h(36): warning:  #1295-D: Deprecated declaration spi0_slaveread - give arg types
spi0.h(38): warning:  #1295-D: Deprecated declaration spi0_slaveroutine - give arg types
spi0.h(40): warning:  #1-D: last line of file ends without a newline
spi0.c(102): warning:  #1-D: last line of file ends without a newline
linking...
Program Size: Code=2456 RO-data=32 RW-data=32 ZI-data=1360  
FromELF: creating hex file...
User command #1: fromelf --bin spi.axf -o 1.bin
"spi.axf" - 0 Error(s), 8 Warning(s).
Build target 'Target 1'
compiling slave_main.c...
uart.h(18): warning:  #1295-D: Deprecated declaration readRBR - give arg types
uart.h(24): warning:  #1295-D: Deprecated declaration enableDLAB - give arg types
uart.h(26): warning:  #1295-D: Deprecated declaration disableDLAB - give arg types
uart.h(32): warning:  #1295-D: Deprecated declaration enableFIFO - give arg types
uart.h(34): warning:  #1295-D: Deprecated declaration disableFIFO - give arg types
uart.h(36): warning:  #1295-D: Deprecated declaration cleanFIFOregs - give arg types
uart.h(40): warning:  #1295-D: Deprecated declaration setLineCtrlReg - give arg types
uart.h(42): warning:  #1295-D: Deprecated declaration getlinestatus - give arg types
uart.h(44): warning:  #1295-D: Deprecated declaration enabletransmit - give arg types
uart.h(46): warning:  #1295-D: Deprecated declaration disabletransmit - give arg types
uart.h(48): warning:  #1295-D: Deprecated declaration uart0routine - give arg types
utils.h(43): warning:  #1-D: last line of file ends without a newline
spi0.h(29): warning:  #1295-D: Deprecated declaration spi0_masterinit - give arg types
spi0.h(32): warning:  #1295-D: Deprecated declaration spi0_masterread - give arg types
spi0.h(34): warning:  #1295-D: Deprecated declaration spi0_slaveinit - give arg types
spi0.h(36): warning:  #1295-D: Deprecated declaration spi0_slaveread - give arg types
spi0.h(38): warning:  #1295-D: Deprecated declaration spi0_slaveroutine - give arg types
spi0.h(40): warning:  #1-D: last line of file ends without a newline
slave_main.c(10): warning:  #223-D: function "setpll" declared implicitly
slave_main.c(14): error:  #20: identifier "SPI_BUFFER" is undefined
slave_main.c(24): warning:  #111-D: statement is unreachable
slave_main.c(25): warning:  #1-D: last line of file ends without a newline
Target not created
Build target 'Target 1'
compiling slave_main.c...
uart.h(18): warning:  #1295-D: Deprecated declaration readRBR - give arg types
uart.h(24): warning:  #1295-D: Deprecated declaration enableDLAB - give arg types
uart.h(26): warning:  #1295-D: Deprecated declaration disableDLAB - give arg types
uart.h(32): warning:  #1295-D: Deprecated declaration enableFIFO - give arg types
uart.h(34): warning:  #1295-D: Deprecated declaration disableFIFO - give arg types
uart.h(36): warning:  #1295-D: Deprecated declaration cleanFIFOregs - give arg types
uart.h(40): warning:  #1295-D: Deprecated declaration setLineCtrlReg - give arg types
uart.h(42): warning:  #1295-D: Deprecated declaration getlinestatus - give arg types
uart.h(44): warning:  #1295-D: Deprecated declaration enabletransmit - give arg types
uart.h(46): warning:  #1295-D: Deprecated declaration disabletransmit - give arg types
uart.h(48): warning:  #1295-D: Deprecated declaration uart0routine - give arg types
utils.h(43): warning:  #1-D: last line of file ends without a newline
spi0.h(29): warning:  #1295-D: Deprecated declaration spi0_masterinit - give arg types
spi0.h(32): warning:  #1295-D: Deprecated declaration spi0_masterread - give arg types
spi0.h(34): warning:  #1295-D: Deprecated declaration spi0_slaveinit - give arg types
spi0.h(36): warning:  #1295-D: Deprecated declaration spi0_slaveread - give arg types
spi0.h(38): warning:  #1295-D: Deprecated declaration spi0_slaveroutine - give arg types
spi0.h(40): warning:  #1-D: last line of file ends without a newline
slave_main.c(14): error:  #20: identifier "SPI_BUFFER" is undefined
slave_main.c(24): warning:  #111-D: statement is unreachable
slave_main.c(25): warning:  #1-D: last line of file ends without a newline
Target not created
Build target 'Target 1'
compiling spi0.c...
utils.h(43): warning:  #1-D: last line of file ends without a newline
spi0.h(31): warning:  #1295-D: Deprecated declaration spi0_masterinit - give arg types
spi0.h(34): warning:  #1295-D: Deprecated declaration spi0_masterread - give arg types
spi0.h(36): warning:  #1295-D: Deprecated declaration spi0_slaveinit - give arg types
spi0.h(38): warning:  #1295-D: Deprecated declaration spi0_slaveread - give arg types
spi0.h(40): warning:  #1295-D: Deprecated declaration spi0_slaveroutine - give arg types
spi0.h(42): warning:  #1-D: last line of file ends without a newline
spi0.c(102): warning:  #1-D: last line of file ends without a newline
compiling slave_main.c...
uart.h(18): warning:  #1295-D: Deprecated declaration readRBR - give arg types
uart.h(24): warning:  #1295-D: Deprecated declaration enableDLAB - give arg types
uart.h(26): warning:  #1295-D: Deprecated declaration disableDLAB - give arg types
uart.h(32): warning:  #1295-D: Deprecated declaration enableFIFO - give arg types
uart.h(34): warning:  #1295-D: Deprecated declaration disableFIFO - give arg types
uart.h(36): warning:  #1295-D: Deprecated declaration cleanFIFOregs - give arg types
uart.h(40): warning:  #1295-D: Deprecated declaration setLineCtrlReg - give arg types
uart.h(42): warning:  #1295-D: Deprecated declaration getlinestatus - give arg types
uart.h(44): warning:  #1295-D: Deprecated declaration enabletransmit - give arg types
uart.h(46): warning:  #1295-D: Deprecated declaration disabletransmit - give arg types
uart.h(48): warning:  #1295-D: Deprecated declaration uart0routine - give arg types
utils.h(43): warning:  #1-D: last line of file ends without a newline
spi0.h(31): warning:  #1295-D: Deprecated declaration spi0_masterinit - give arg types
spi0.h(34): warning:  #1295-D: Deprecated declaration spi0_masterread - give arg types
spi0.h(36): warning:  #1295-D: Deprecated declaration spi0_slaveinit - give arg types
spi0.h(38): warning:  #1295-D: Deprecated declaration spi0_slaveread - give arg types
spi0.h(40): warning:  #1295-D: Deprecated declaration spi0_slaveroutine - give arg types
spi0.h(42): warning:  #1-D: last line of file ends without a newline
slave_main.c(14): warning:  #175-D: subscript out of range
slave_main.c(24): warning:  #111-D: statement is unreachable
slave_main.c(25): warning:  #1-D: last line of file ends without a newline
linking...
Program Size: Code=2472 RO-data=32 RW-data=32 ZI-data=1456  
FromELF: creating hex file...
User command #1: fromelf --bin spi.axf -o 2.bin
"spi.axf" - 0 Error(s), 29 Warning(s).
Build target 'Target 1'
compiling slave_main.c...
uart.h(18): warning:  #1295-D: Deprecated declaration readRBR - give arg types
uart.h(24): warning:  #1295-D: Deprecated declaration enableDLAB - give arg types
uart.h(26): warning:  #1295-D: Deprecated declaration disableDLAB - give arg types
uart.h(32): warning:  #1295-D: Deprecated declaration enableFIFO - give arg types
uart.h(34): warning:  #1295-D: Deprecated declaration disableFIFO - give arg types
uart.h(36): warning:  #1295-D: Deprecated declaration cleanFIFOregs - give arg types
uart.h(40): warning:  #1295-D: Deprecated declaration setLineCtrlReg - give arg types
uart.h(42): warning:  #1295-D: Deprecated declaration getlinestatus - give arg types
uart.h(44): warning:  #1295-D: Deprecated declaration enabletransmit - give arg types
uart.h(46): warning:  #1295-D: Deprecated declaration disabletransmit - give arg types
uart.h(48): warning:  #1295-D: Deprecated declaration uart0routine - give arg types
utils.h(43): warning:  #1-D: last line of file ends without a newline
spi0.h(31): warning:  #1295-D: Deprecated declaration spi0_masterinit - give arg types
spi0.h(34): warning:  #1295-D: Deprecated declaration spi0_masterread - give arg types
spi0.h(36): warning:  #1295-D: Deprecated declaration spi0_slaveinit - give arg types
spi0.h(38): warning:  #1295-D: Deprecated declaration spi0_slaveread - give arg types
spi0.h(40): warning:  #1295-D: Deprecated declaration spi0_slaveroutine - give arg types
spi0.h(42): warning:  #1-D: last line of file ends without a newline
slave_main.c(14): warning:  #175-D: subscript out of range
slave_main.c(24): warning:  #111-D: statement is unreachable
slave_main.c(25): warning:  #1-D: last line of file ends without a newline
slave_main.c(7): warning:  #177-D: variable "flush" was declared but never referenced
linking...
Program Size: Code=2472 RO-data=32 RW-data=32 ZI-data=1456  
FromELF: creating hex file...
User command #1: fromelf --bin spi.axf -o 2.bin
"spi.axf" - 0 Error(s), 22 Warning(s).
Build target 'Target 1'
compiling spi0.c...
utils.h(43): warning:  #1-D: last line of file ends without a newline
spi0.h(31): warning:  #1295-D: Deprecated declaration spi0_masterinit - give arg types
spi0.h(34): warning:  #1295-D: Deprecated declaration spi0_masterread - give arg types
spi0.h(36): warning:  #1295-D: Deprecated declaration spi0_slaveinit - give arg types
spi0.h(38): warning:  #1295-D: Deprecated declaration spi0_slaveread - give arg types
spi0.h(40): warning:  #1295-D: Deprecated declaration spi0_slaveroutine - give arg types
spi0.h(42): warning:  #1-D: last line of file ends without a newline
spi0.c(103): warning:  #1-D: last line of file ends without a newline
compiling slave_main.c...
uart.h(18): warning:  #1295-D: Deprecated declaration readRBR - give arg types
uart.h(24): warning:  #1295-D: Deprecated declaration enableDLAB - give arg types
uart.h(26): warning:  #1295-D: Deprecated declaration disableDLAB - give arg types
uart.h(32): warning:  #1295-D: Deprecated declaration enableFIFO - give arg types
uart.h(34): warning:  #1295-D: Deprecated declaration disableFIFO - give arg types
uart.h(36): warning:  #1295-D: Deprecated declaration cleanFIFOregs - give arg types
uart.h(40): warning:  #1295-D: Deprecated declaration setLineCtrlReg - give arg types
uart.h(42): warning:  #1295-D: Deprecated declaration getlinestatus - give arg types
uart.h(44): warning:  #1295-D: Deprecated declaration enabletransmit - give arg types
uart.h(46): warning:  #1295-D: Deprecated declaration disabletransmit - give arg types
uart.h(48): warning:  #1295-D: Deprecated declaration uart0routine - give arg types
utils.h(43): warning:  #1-D: last line of file ends without a newline
spi0.h(31): warning:  #1295-D: Deprecated declaration spi0_masterinit - give arg types
spi0.h(34): warning:  #1295-D: Deprecated declaration spi0_masterread - give arg types
spi0.h(36): warning:  #1295-D: Deprecated declaration spi0_slaveinit - give arg types
spi0.h(38): warning:  #1295-D: Deprecated declaration spi0_slaveread - give arg types
spi0.h(40): warning:  #1295-D: Deprecated declaration spi0_slaveroutine - give arg types
spi0.h(42): warning:  #1-D: last line of file ends without a newline
slave_main.c(14): warning:  #175-D: subscript out of range
slave_main.c(24): warning:  #111-D: statement is unreachable
slave_main.c(25): warning:  #1-D: last line of file ends without a newline
slave_main.c(7): warning:  #177-D: variable "flush" was declared but never referenced
linking...
Program Size: Code=2480 RO-data=32 RW-data=32 ZI-data=1456  
FromELF: creating hex file...
User command #1: fromelf --bin spi.axf -o 2.bin
"spi.axf" - 0 Error(s), 30 Warning(s).
Build target 'Target 1'
compiling slave_main.c...
uart.h(18): warning:  #1295-D: Deprecated declaration readRBR - give arg types
uart.h(24): warning:  #1295-D: Deprecated declaration enableDLAB - give arg types
uart.h(26): warning:  #1295-D: Deprecated declaration disableDLAB - give arg types
uart.h(32): warning:  #1295-D: Deprecated declaration enableFIFO - give arg types
uart.h(34): warning:  #1295-D: Deprecated declaration disableFIFO - give arg types
uart.h(36): warning:  #1295-D: Deprecated declaration cleanFIFOregs - give arg types
uart.h(40): warning:  #1295-D: Deprecated declaration setLineCtrlReg - give arg types
uart.h(42): warning:  #1295-D: Deprecated declaration getlinestatus - give arg types
uart.h(44): warning:  #1295-D: Deprecated declaration enabletransmit - give arg types
uart.h(46): warning:  #1295-D: Deprecated declaration disabletransmit - give arg types
uart.h(48): warning:  #1295-D: Deprecated declaration uart0routine - give arg types
utils.h(43): warning:  #1-D: last line of file ends without a newline
spi0.h(31): warning:  #1295-D: Deprecated declaration spi0_masterinit - give arg types
spi0.h(34): warning:  #1295-D: Deprecated declaration spi0_masterread - give arg types
spi0.h(36): warning:  #1295-D: Deprecated declaration spi0_slaveinit - give arg types
spi0.h(38): warning:  #1295-D: Deprecated declaration spi0_slaveread - give arg types
spi0.h(40): warning:  #1295-D: Deprecated declaration spi0_slaveroutine - give arg types
spi0.h(42): warning:  #1-D: last line of file ends without a newline
slave_main.c(14): warning:  #175-D: subscript out of range
slave_main.c(24): warning:  #111-D: statement is unreachable
slave_main.c(25): warning:  #1-D: last line of file ends without a newline
slave_main.c(7): warning:  #177-D: variable "flush" was declared but never referenced
linking...
Program Size: Code=2480 RO-data=32 RW-data=32 ZI-data=1456  
FromELF: creating hex file...
User command #1: fromelf --bin spi.axf -o 2.bin
"spi.axf" - 0 Error(s), 22 Warning(s).
Build target 'Target 1'
compiling spi0.c...
utils.h(43): warning:  #1-D: last line of file ends without a newline
spi0.h(31): warning:  #1295-D: Deprecated declaration spi0_masterinit - give arg types
spi0.h(34): warning:  #1295-D: Deprecated declaration spi0_masterread - give arg types
spi0.h(36): warning:  #1295-D: Deprecated declaration spi0_slaveinit - give arg types
spi0.h(38): warning:  #1295-D: Deprecated declaration spi0_slaveread - give arg types
spi0.h(40): warning:  #1295-D: Deprecated declaration spi0_slaveroutine - give arg types
spi0.h(42): warning:  #1-D: last line of file ends without a newline
spi0.c(103): warning:  #1-D: last line of file ends without a newline
linking...
Program Size: Code=2508 RO-data=32 RW-data=32 ZI-data=1456  
FromELF: creating hex file...
User command #1: fromelf --bin spi.axf -o 2.bin
"spi.axf" - 0 Error(s), 8 Warning(s).
Build target 'Target 1'
linking...
Program Size: Code=2508 RO-data=32 RW-data=32 ZI-data=1456  
FromELF: creating hex file...
User command #1: fromelf --bin spi.axf -o 2.bin
"spi.axf" - 0 Error(s), 0 Warning(s).
Build target 'Target 1'
compiling spi0.c...
utils.h(43): warning:  #1-D: last line of file ends without a newline
spi0.h(31): warning:  #1295-D: Deprecated declaration spi0_masterinit - give arg types
spi0.h(34): warning:  #1295-D: Deprecated declaration spi0_masterread - give arg types
spi0.h(36): warning:  #1295-D: Deprecated declaration spi0_slaveinit - give arg types
spi0.h(38): warning:  #1295-D: Deprecated declaration spi0_slaveread - give arg types
spi0.h(40): warning:  #1295-D: Deprecated declaration spi0_slaveroutine - give arg types
spi0.h(42): warning:  #1-D: last line of file ends without a newline
uart.h(18): warning:  #1295-D: Deprecated declaration readRBR - give arg types
uart.h(24): warning:  #1295-D: Deprecated declaration enableDLAB - give arg types
uart.h(26): warning:  #1295-D: Deprecated declaration disableDLAB - give arg types
uart.h(32): warning:  #1295-D: Deprecated declaration enableFIFO - give arg types
uart.h(34): warning:  #1295-D: Deprecated declaration disableFIFO - give arg types
uart.h(36): warning:  #1295-D: Deprecated declaration cleanFIFOregs - give arg types
uart.h(40): warning:  #1295-D: Deprecated declaration setLineCtrlReg - give arg types
uart.h(42): warning:  #1295-D: Deprecated declaration getlinestatus - give arg types
uart.h(44): warning:  #1295-D: Deprecated declaration enabletransmit - give arg types
uart.h(46): warning:  #1295-D: Deprecated declaration disabletransmit - give arg types
uart.h(48): warning:  #1295-D: Deprecated declaration uart0routine - give arg types
spi0.c(105): warning:  #1-D: last line of file ends without a newline
linking...
Program Size: Code=2520 RO-data=32 RW-data=32 ZI-data=1456  
FromELF: creating hex file...
User command #1: fromelf --bin spi.axf -o 2.bin
"spi.axf" - 0 Error(s), 19 Warning(s).
Build target 'Target 1'
compiling slave_main.c...
uart.h(18): warning:  #1295-D: Deprecated declaration readRBR - give arg types
uart.h(24): warning:  #1295-D: Deprecated declaration enableDLAB - give arg types
uart.h(26): warning:  #1295-D: Deprecated declaration disableDLAB - give arg types
uart.h(32): warning:  #1295-D: Deprecated declaration enableFIFO - give arg types
uart.h(34): warning:  #1295-D: Deprecated declaration disableFIFO - give arg types
uart.h(36): warning:  #1295-D: Deprecated declaration cleanFIFOregs - give arg types
uart.h(40): warning:  #1295-D: Deprecated declaration setLineCtrlReg - give arg types
uart.h(42): warning:  #1295-D: Deprecated declaration getlinestatus - give arg types
uart.h(44): warning:  #1295-D: Deprecated declaration enabletransmit - give arg types
uart.h(46): warning:  #1295-D: Deprecated declaration disabletransmit - give arg types
uart.h(48): warning:  #1295-D: Deprecated declaration uart0routine - give arg types
utils.h(43): warning:  #1-D: last line of file ends without a newline
spi0.h(31): warning:  #1295-D: Deprecated declaration spi0_masterinit - give arg types
spi0.h(34): warning:  #1295-D: Deprecated declaration spi0_masterread - give arg types
spi0.h(36): warning:  #1295-D: Deprecated declaration spi0_slaveinit - give arg types
spi0.h(38): warning:  #1295-D: Deprecated declaration spi0_slaveread - give arg types
spi0.h(40): warning:  #1295-D: Deprecated declaration spi0_slaveroutine - give arg types
spi0.h(42): warning:  #1-D: last line of file ends without a newline
slave_main.c(14): warning:  #175-D: subscript out of range
slave_main.c(25): warning:  #111-D: statement is unreachable
slave_main.c(26): warning:  #1-D: last line of file ends without a newline
slave_main.c(7): warning:  #177-D: variable "flush" was declared but never referenced
linking...
Program Size: Code=2524 RO-data=32 RW-data=32 ZI-data=1456  
FromELF: creating hex file...
User command #1: fromelf --bin spi.axf -o 2.bin
"spi.axf" - 0 Error(s), 22 Warning(s).
compiling master_main.c...
uart.h(18): warning:  #1295-D: Deprecated declaration readRBR - give arg types
uart.h(24): warning:  #1295-D: Deprecated declaration enableDLAB - give arg types
uart.h(26): warning:  #1295-D: Deprecated declaration disableDLAB - give arg types
uart.h(32): warning:  #1295-D: Deprecated declaration enableFIFO - give arg types
uart.h(34): warning:  #1295-D: Deprecated declaration disableFIFO - give arg types
uart.h(36): warning:  #1295-D: Deprecated declaration cleanFIFOregs - give arg types
uart.h(40): warning:  #1295-D: Deprecated declaration setLineCtrlReg - give arg types
uart.h(42): warning:  #1295-D: Deprecated declaration getlinestatus - give arg types
uart.h(44): warning:  #1295-D: Deprecated declaration enabletransmit - give arg types
uart.h(46): warning:  #1295-D: Deprecated declaration disabletransmit - give arg types
uart.h(48): warning:  #1295-D: Deprecated declaration uart0routine - give arg types
utils.h(43): warning:  #1-D: last line of file ends without a newline
spi0.h(31): warning:  #1295-D: Deprecated declaration spi0_masterinit - give arg types
spi0.h(34): warning:  #1295-D: Deprecated declaration spi0_masterread - give arg types
spi0.h(36): warning:  #1295-D: Deprecated declaration spi0_slaveinit - give arg types
spi0.h(38): warning:  #1295-D: Deprecated declaration spi0_slaveread - give arg types
spi0.h(40): warning:  #1295-D: Deprecated declaration spi0_slaveroutine - give arg types
spi0.h(42): warning:  #1-D: last line of file ends without a newline
master_main.c(28): warning:  #111-D: statement is unreachable
master_main.c(29): warning:  #1-D: last line of file ends without a newline
master_main.c - 0 Error(s), 20 Warning(s).
Build target 'Target 1'
linking...
Program Size: Code=2528 RO-data=32 RW-data=32 ZI-data=1456  
FromELF: creating hex file...
User command #1: fromelf --bin spi.axf -o 1.bin
"spi.axf" - 0 Error(s), 0 Warning(s).
Build target 'Target 1'
compiling slave_main.c...
uart.h(18): warning:  #1295-D: Deprecated declaration readRBR - give arg types
uart.h(24): warning:  #1295-D: Deprecated declaration enableDLAB - give arg types
uart.h(26): warning:  #1295-D: Deprecated declaration disableDLAB - give arg types
uart.h(32): warning:  #1295-D: Deprecated declaration enableFIFO - give arg types
uart.h(34): warning:  #1295-D: Deprecated declaration disableFIFO - give arg types
uart.h(36): warning:  #1295-D: Deprecated declaration cleanFIFOregs - give arg types
uart.h(40): warning:  #1295-D: Deprecated declaration setLineCtrlReg - give arg types
uart.h(42): warning:  #1295-D: Deprecated declaration getlinestatus - give arg types
uart.h(44): warning:  #1295-D: Deprecated declaration enabletransmit - give arg types
uart.h(46): warning:  #1295-D: Deprecated declaration disabletransmit - give arg types
uart.h(48): warning:  #1295-D: Deprecated declaration uart0routine - give arg types
utils.h(43): warning:  #1-D: last line of file ends without a newline
spi0.h(31): warning:  #1295-D: Deprecated declaration spi0_masterinit - give arg types
spi0.h(34): warning:  #1295-D: Deprecated declaration spi0_masterread - give arg types
spi0.h(36): warning:  #1295-D: Deprecated declaration spi0_slaveinit - give arg types
spi0.h(38): warning:  #1295-D: Deprecated declaration spi0_slaveread - give arg types
spi0.h(40): warning:  #1295-D: Deprecated declaration spi0_slaveroutine - give arg types
spi0.h(42): warning:  #1-D: last line of file ends without a newline
slave_main.c(14): warning:  #175-D: subscript out of range
slave_main.c(25): warning:  #111-D: statement is unreachable
slave_main.c(26): warning:  #1-D: last line of file ends without a newline
slave_main.c(7): warning:  #177-D: variable "flush" was declared but never referenced
linking...
Program Size: Code=2524 RO-data=32 RW-data=32 ZI-data=1456  
FromELF: creating hex file...
User command #1: fromelf --bin spi.axf -o 1.bin
"spi.axf" - 0 Error(s), 22 Warning(s).
Build target 'Target 1'
assembling Startup.s...
compiling spi0.c...
utils.h(43): warning:  #1-D: last line of file ends without a newline
spi0.h(31): warning:  #1295-D: Deprecated declaration spi0_masterinit - give arg types
spi0.h(34): warning:  #1295-D: Deprecated declaration spi0_masterread - give arg types
spi0.h(36): warning:  #1295-D: Deprecated declaration spi0_slaveinit - give arg types
spi0.h(38): warning:  #1295-D: Deprecated declaration spi0_slaveread - give arg types
spi0.h(40): warning:  #1295-D: Deprecated declaration spi0_slaveroutine - give arg types
spi0.h(42): warning:  #1-D: last line of file ends without a newline
uart.h(18): warning:  #1295-D: Deprecated declaration readRBR - give arg types
uart.h(24): warning:  #1295-D: Deprecated declaration enableDLAB - give arg types
uart.h(26): warning:  #1295-D: Deprecated declaration disableDLAB - give arg types
uart.h(32): warning:  #1295-D: Deprecated declaration enableFIFO - give arg types
uart.h(34): warning:  #1295-D: Deprecated declaration disableFIFO - give arg types
uart.h(36): warning:  #1295-D: Deprecated declaration cleanFIFOregs - give arg types
uart.h(40): warning:  #1295-D: Deprecated declaration setLineCtrlReg - give arg types
uart.h(42): warning:  #1295-D: Deprecated declaration getlinestatus - give arg types
uart.h(44): warning:  #1295-D: Deprecated declaration enabletransmit - give arg types
uart.h(46): warning:  #1295-D: Deprecated declaration disabletransmit - give arg types
uart.h(48): warning:  #1295-D: Deprecated declaration uart0routine - give arg types
spi0.c(105): warning:  #1-D: last line of file ends without a newline
compiling uart.c...
uart.h(18): warning:  #1295-D: Deprecated declaration readRBR - give arg types
uart.h(24): warning:  #1295-D: Deprecated declaration enableDLAB - give arg types
uart.h(26): warning:  #1295-D: Deprecated declaration disableDLAB - give arg types
uart.h(32): warning:  #1295-D: Deprecated declaration enableFIFO - give arg types
uart.h(34): warning:  #1295-D: Deprecated declaration disableFIFO - give arg types
uart.h(36): warning:  #1295-D: Deprecated declaration cleanFIFOregs - give arg types
uart.h(40): warning:  #1295-D: Deprecated declaration setLineCtrlReg - give arg types
uart.h(42): warning:  #1295-D: Deprecated declaration getlinestatus - give arg types
uart.h(44): warning:  #1295-D: Deprecated declaration enabletransmit - give arg types
uart.h(46): warning:  #1295-D: Deprecated declaration disabletransmit - give arg types
uart.h(48): warning:  #1295-D: Deprecated declaration uart0routine - give arg types
utils.h(43): warning:  #1-D: last line of file ends without a newline
compiling utils.c...
utils.h(43): warning:  #1-D: last line of file ends without a newline
compiling master_main.c...
uart.h(18): warning:  #1295-D: Deprecated declaration readRBR - give arg types
uart.h(24): warning:  #1295-D: Deprecated declaration enableDLAB - give arg types
uart.h(26): warning:  #1295-D: Deprecated declaration disableDLAB - give arg types
uart.h(32): warning:  #1295-D: Deprecated declaration enableFIFO - give arg types
uart.h(34): warning:  #1295-D: Deprecated declaration disableFIFO - give arg types
uart.h(36): warning:  #1295-D: Deprecated declaration cleanFIFOregs - give arg types
uart.h(40): warning:  #1295-D: Deprecated declaration setLineCtrlReg - give arg types
uart.h(42): warning:  #1295-D: Deprecated declaration getlinestatus - give arg types
uart.h(44): warning:  #1295-D: Deprecated declaration enabletransmit - give arg types
uart.h(46): warning:  #1295-D: Deprecated declaration disabletransmit - give arg types
uart.h(48): warning:  #1295-D: Deprecated declaration uart0routine - give arg types
utils.h(43): warning:  #1-D: last line of file ends without a newline
spi0.h(31): warning:  #1295-D: Deprecated declaration spi0_masterinit - give arg types
spi0.h(34): warning:  #1295-D: Deprecated declaration spi0_masterread - give arg types
spi0.h(36): warning:  #1295-D: Deprecated declaration spi0_slaveinit - give arg types
spi0.h(38): warning:  #1295-D: Deprecated declaration spi0_slaveread - give arg types
spi0.h(40): warning:  #1295-D: Deprecated declaration spi0_slaveroutine - give arg types
spi0.h(42): warning:  #1-D: last line of file ends without a newline
master_main.c(28): warning:  #111-D: statement is unreachable
master_main.c(29): warning:  #1-D: last line of file ends without a newline
linking...
Program Size: Code=2528 RO-data=32 RW-data=32 ZI-data=1456  
FromELF: creating hex file...
User command #1: fromelf --bin spi.axf -o 1.bin
"spi.axf" - 0 Error(s), 52 Warning(s).
Build target 'Target 1'
compiling spi0.c...
utils.h(43): warning:  #1-D: last line of file ends without a newline
spi0.h(31): warning:  #1295-D: Deprecated declaration spi0_masterinit - give arg types
spi0.h(34): warning:  #1295-D: Deprecated declaration spi0_masterread - give arg types
spi0.h(36): warning:  #1295-D: Deprecated declaration spi0_slaveinit - give arg types
spi0.h(38): warning:  #1295-D: Deprecated declaration spi0_slaveread - give arg types
spi0.h(40): warning:  #1295-D: Deprecated declaration spi0_slaveroutine - give arg types
spi0.h(42): warning:  #1-D: last line of file ends without a newline
uart.h(18): warning:  #1295-D: Deprecated declaration readRBR - give arg types
uart.h(24): warning:  #1295-D: Deprecated declaration enableDLAB - give arg types
uart.h(26): warning:  #1295-D: Deprecated declaration disableDLAB - give arg types
uart.h(32): warning:  #1295-D: Deprecated declaration enableFIFO - give arg types
uart.h(34): warning:  #1295-D: Deprecated declaration disableFIFO - give arg types
uart.h(36): warning:  #1295-D: Deprecated declaration cleanFIFOregs - give arg types
uart.h(40): warning:  #1295-D: Deprecated declaration setLineCtrlReg - give arg types
uart.h(42): warning:  #1295-D: Deprecated declaration getlinestatus - give arg types
uart.h(44): warning:  #1295-D: Deprecated declaration enabletransmit - give arg types
uart.h(46): warning:  #1295-D: Deprecated declaration disabletransmit - give arg types
uart.h(48): warning:  #1295-D: Deprecated declaration uart0routine - give arg types
spi0.c(105): warning:  #1-D: last line of file ends without a newline
linking...
Program Size: Code=2532 RO-data=32 RW-data=32 ZI-data=1456  
FromELF: creating hex file...
User command #1: fromelf --bin spi.axf -o 1.bin
"spi.axf" - 0 Error(s), 19 Warning(s).
Build target 'Target 1'
compiling slave_main.c...
uart.h(18): warning:  #1295-D: Deprecated declaration readRBR - give arg types
uart.h(24): warning:  #1295-D: Deprecated declaration enableDLAB - give arg types
uart.h(26): warning:  #1295-D: Deprecated declaration disableDLAB - give arg types
uart.h(32): warning:  #1295-D: Deprecated declaration enableFIFO - give arg types
uart.h(34): warning:  #1295-D: Deprecated declaration disableFIFO - give arg types
uart.h(36): warning:  #1295-D: Deprecated declaration cleanFIFOregs - give arg types
uart.h(40): warning:  #1295-D: Deprecated declaration setLineCtrlReg - give arg types
uart.h(42): warning:  #1295-D: Deprecated declaration getlinestatus - give arg types
uart.h(44): warning:  #1295-D: Deprecated declaration enabletransmit - give arg types
uart.h(46): warning:  #1295-D: Deprecated declaration disabletransmit - give arg types
uart.h(48): warning:  #1295-D: Deprecated declaration uart0routine - give arg types
utils.h(43): warning:  #1-D: last line of file ends without a newline
spi0.h(31): warning:  #1295-D: Deprecated declaration spi0_masterinit - give arg types
spi0.h(34): warning:  #1295-D: Deprecated declaration spi0_masterread - give arg types
spi0.h(36): warning:  #1295-D: Deprecated declaration spi0_slaveinit - give arg types
spi0.h(38): warning:  #1295-D: Deprecated declaration spi0_slaveread - give arg types
spi0.h(40): warning:  #1295-D: Deprecated declaration spi0_slaveroutine - give arg types
spi0.h(42): warning:  #1-D: last line of file ends without a newline
slave_main.c(14): warning:  #175-D: subscript out of range
slave_main.c(25): warning:  #111-D: statement is unreachable
slave_main.c(26): warning:  #1-D: last line of file ends without a newline
slave_main.c(7): warning:  #177-D: variable "flush" was declared but never referenced
linking...
Program Size: Code=2528 RO-data=32 RW-data=32 ZI-data=1456  
FromELF: creating hex file...
User command #1: fromelf --bin spi.axf -o 1.bin
"spi.axf" - 0 Error(s), 22 Warning(s).
Build target 'Target 1'
compiling spi0.c...
utils.h(43): warning:  #1-D: last line of file ends without a newline
spi0.h(31): warning:  #1295-D: Deprecated declaration spi0_masterinit - give arg types
spi0.h(34): warning:  #1295-D: Deprecated declaration spi0_masterread - give arg types
spi0.h(36): warning:  #1295-D: Deprecated declaration spi0_slaveinit - give arg types
spi0.h(38): warning:  #1295-D: Deprecated declaration spi0_slaveread - give arg types
spi0.h(40): warning:  #1295-D: Deprecated declaration spi0_slaveroutine - give arg types
spi0.h(42): warning:  #1-D: last line of file ends without a newline
uart.h(18): warning:  #1295-D: Deprecated declaration readRBR - give arg types
uart.h(24): warning:  #1295-D: Deprecated declaration enableDLAB - give arg types
uart.h(26): warning:  #1295-D: Deprecated declaration disableDLAB - give arg types
uart.h(32): warning:  #1295-D: Deprecated declaration enableFIFO - give arg types
uart.h(34): warning:  #1295-D: Deprecated declaration disableFIFO - give arg types
uart.h(36): warning:  #1295-D: Deprecated declaration cleanFIFOregs - give arg types
uart.h(40): warning:  #1295-D: Deprecated declaration setLineCtrlReg - give arg types
uart.h(42): warning:  #1295-D: Deprecated declaration getlinestatus - give arg types
uart.h(44): warning:  #1295-D: Deprecated declaration enabletransmit - give arg types
uart.h(46): warning:  #1295-D: Deprecated declaration disabletransmit - give arg types
uart.h(48): warning:  #1295-D: Deprecated declaration uart0routine - give arg types
spi0.c(105): warning:  #1-D: last line of file ends without a newline
linking...
Program Size: Code=2520 RO-data=32 RW-data=32 ZI-data=1456  
FromELF: creating hex file...
User command #1: fromelf --bin spi.axf -o 1.bin
"spi.axf" - 0 Error(s), 19 Warning(s).
Build target 'Target 1'
compiling slave_main.c...
uart.h(18): warning:  #1295-D: Deprecated declaration readRBR - give arg types
uart.h(24): warning:  #1295-D: Deprecated declaration enableDLAB - give arg types
uart.h(26): warning:  #1295-D: Deprecated declaration disableDLAB - give arg types
uart.h(32): warning:  #1295-D: Deprecated declaration enableFIFO - give arg types
uart.h(34): warning:  #1295-D: Deprecated declaration disableFIFO - give arg types
uart.h(36): warning:  #1295-D: Deprecated declaration cleanFIFOregs - give arg types
uart.h(40): warning:  #1295-D: Deprecated declaration setLineCtrlReg - give arg types
uart.h(42): warning:  #1295-D: Deprecated declaration getlinestatus - give arg types
uart.h(44): warning:  #1295-D: Deprecated declaration enabletransmit - give arg types
uart.h(46): warning:  #1295-D: Deprecated declaration disabletransmit - give arg types
uart.h(48): warning:  #1295-D: Deprecated declaration uart0routine - give arg types
utils.h(43): warning:  #1-D: last line of file ends without a newline
spi0.h(31): warning:  #1295-D: Deprecated declaration spi0_masterinit - give arg types
spi0.h(34): warning:  #1295-D: Deprecated declaration spi0_masterread - give arg types
spi0.h(36): warning:  #1295-D: Deprecated declaration spi0_slaveinit - give arg types
spi0.h(38): warning:  #1295-D: Deprecated declaration spi0_slaveread - give arg types
spi0.h(40): warning:  #1295-D: Deprecated declaration spi0_slaveroutine - give arg types
spi0.h(42): warning:  #1-D: last line of file ends without a newline
slave_main.c(14): warning:  #175-D: subscript out of range
slave_main.c(25): warning:  #111-D: statement is unreachable
slave_main.c(26): warning:  #1-D: last line of file ends without a newline
slave_main.c(7): warning:  #177-D: variable "flush" was declared but never referenced
linking...
Program Size: Code=2508 RO-data=32 RW-data=32 ZI-data=1456  
FromELF: creating hex file...
User command #1: fromelf --bin spi.axf -o 1.bin
"spi.axf" - 0 Error(s), 22 Warning(s).
Build target 'Target 1'
compiling slave_main.c...
uart.h(18): warning:  #1295-D: Deprecated declaration readRBR - give arg types
uart.h(24): warning:  #1295-D: Deprecated declaration enableDLAB - give arg types
uart.h(26): warning:  #1295-D: Deprecated declaration disableDLAB - give arg types
uart.h(32): warning:  #1295-D: Deprecated declaration enableFIFO - give arg types
uart.h(34): warning:  #1295-D: Deprecated declaration disableFIFO - give arg types
uart.h(36): warning:  #1295-D: Deprecated declaration cleanFIFOregs - give arg types
uart.h(40): warning:  #1295-D: Deprecated declaration setLineCtrlReg - give arg types
uart.h(42): warning:  #1295-D: Deprecated declaration getlinestatus - give arg types
uart.h(44): warning:  #1295-D: Deprecated declaration enabletransmit - give arg types
uart.h(46): warning:  #1295-D: Deprecated declaration disabletransmit - give arg types
uart.h(48): warning:  #1295-D: Deprecated declaration uart0routine - give arg types
utils.h(43): warning:  #1-D: last line of file ends without a newline
spi0.h(31): warning:  #1295-D: Deprecated declaration spi0_masterinit - give arg types
spi0.h(34): warning:  #1295-D: Deprecated declaration spi0_masterread - give arg types
spi0.h(36): warning:  #1295-D: Deprecated declaration spi0_slaveinit - give arg types
spi0.h(38): warning:  #1295-D: Deprecated declaration spi0_slaveread - give arg types
spi0.h(40): warning:  #1295-D: Deprecated declaration spi0_slaveroutine - give arg types
spi0.h(42): warning:  #1-D: last line of file ends without a newline
slave_main.c(14): warning:  #175-D: subscript out of range
slave_main.c(26): warning:  #111-D: statement is unreachable
slave_main.c(27): warning:  #1-D: last line of file ends without a newline
slave_main.c(7): warning:  #177-D: variable "flush" was declared but never referenced
linking...
Program Size: Code=2524 RO-data=32 RW-data=32 ZI-data=1456  
FromELF: creating hex file...
User command #1: fromelf --bin spi.axf -o 1.bin
"spi.axf" - 0 Error(s), 22 Warning(s).
Build target 'Target 1'
compiling spi0.c...
utils.h(43): warning:  #1-D: last line of file ends without a newline
spi0.h(31): warning:  #1295-D: Deprecated declaration spi0_masterinit - give arg types
spi0.h(34): warning:  #1295-D: Deprecated declaration spi0_masterread - give arg types
spi0.h(36): warning:  #1295-D: Deprecated declaration spi0_slaveinit - give arg types
spi0.h(38): warning:  #1295-D: Deprecated declaration spi0_slaveread - give arg types
spi0.h(40): warning:  #1295-D: Deprecated declaration spi0_slaveroutine - give arg types
spi0.h(42): warning:  #1-D: last line of file ends without a newline
uart.h(18): warning:  #1295-D: Deprecated declaration readRBR - give arg types
uart.h(24): warning:  #1295-D: Deprecated declaration enableDLAB - give arg types
uart.h(26): warning:  #1295-D: Deprecated declaration disableDLAB - give arg types
uart.h(32): warning:  #1295-D: Deprecated declaration enableFIFO - give arg types
uart.h(34): warning:  #1295-D: Deprecated declaration disableFIFO - give arg types
uart.h(36): warning:  #1295-D: Deprecated declaration cleanFIFOregs - give arg types
uart.h(40): warning:  #1295-D: Deprecated declaration setLineCtrlReg - give arg types
uart.h(42): warning:  #1295-D: Deprecated declaration getlinestatus - give arg types
uart.h(44): warning:  #1295-D: Deprecated declaration enabletransmit - give arg types
uart.h(46): warning:  #1295-D: Deprecated declaration disabletransmit - give arg types
uart.h(48): warning:  #1295-D: Deprecated declaration uart0routine - give arg types
spi0.c(105): warning:  #1-D: last line of file ends without a newline
linking...
Program Size: Code=2540 RO-data=32 RW-data=32 ZI-data=1456  
FromELF: creating hex file...
User command #1: fromelf --bin spi.axf -o 1.bin
"spi.axf" - 0 Error(s), 19 Warning(s).
Build target 'Target 1'
compiling spi0.c...
utils.h(43): warning:  #1-D: last line of file ends without a newline
spi0.h(31): warning:  #1295-D: Deprecated declaration spi0_masterinit - give arg types
spi0.h(34): warning:  #1295-D: Deprecated declaration spi0_masterread - give arg types
spi0.h(36): warning:  #1295-D: Deprecated declaration spi0_slaveinit - give arg types
spi0.h(38): warning:  #1295-D: Deprecated declaration spi0_slaveread - give arg types
spi0.h(40): warning:  #1295-D: Deprecated declaration spi0_slaveroutine - give arg types
spi0.h(42): warning:  #1-D: last line of file ends without a newline
uart.h(18): warning:  #1295-D: Deprecated declaration readRBR - give arg types
uart.h(24): warning:  #1295-D: Deprecated declaration enableDLAB - give arg types
uart.h(26): warning:  #1295-D: Deprecated declaration disableDLAB - give arg types
uart.h(32): warning:  #1295-D: Deprecated declaration enableFIFO - give arg types
uart.h(34): warning:  #1295-D: Deprecated declaration disableFIFO - give arg types
uart.h(36): warning:  #1295-D: Deprecated declaration cleanFIFOregs - give arg types
uart.h(40): warning:  #1295-D: Deprecated declaration setLineCtrlReg - give arg types
uart.h(42): warning:  #1295-D: Deprecated declaration getlinestatus - give arg types
uart.h(44): warning:  #1295-D: Deprecated declaration enabletransmit - give arg types
uart.h(46): warning:  #1295-D: Deprecated declaration disabletransmit - give arg types
uart.h(48): warning:  #1295-D: Deprecated declaration uart0routine - give arg types
spi0.c(105): warning:  #1-D: last line of file ends without a newline
compiling slave_main.c...
uart.h(18): warning:  #1295-D: Deprecated declaration readRBR - give arg types
uart.h(24): warning:  #1295-D: Deprecated declaration enableDLAB - give arg types
uart.h(26): warning:  #1295-D: Deprecated declaration disableDLAB - give arg types
uart.h(32): warning:  #1295-D: Deprecated declaration enableFIFO - give arg types
uart.h(34): warning:  #1295-D: Deprecated declaration disableFIFO - give arg types
uart.h(36): warning:  #1295-D: Deprecated declaration cleanFIFOregs - give arg types
uart.h(40): warning:  #1295-D: Deprecated declaration setLineCtrlReg - give arg types
uart.h(42): warning:  #1295-D: Deprecated declaration getlinestatus - give arg types
uart.h(44): warning:  #1295-D: Deprecated declaration enabletransmit - give arg types
uart.h(46): warning:  #1295-D: Deprecated declaration disabletransmit - give arg types
uart.h(48): warning:  #1295-D: Deprecated declaration uart0routine - give arg types
utils.h(43): warning:  #1-D: last line of file ends without a newline
spi0.h(31): warning:  #1295-D: Deprecated declaration spi0_masterinit - give arg types
spi0.h(34): warning:  #1295-D: Deprecated declaration spi0_masterread - give arg types
spi0.h(36): warning:  #1295-D: Deprecated declaration spi0_slaveinit - give arg types
spi0.h(38): warning:  #1295-D: Deprecated declaration spi0_slaveread - give arg types
spi0.h(40): warning:  #1295-D: Deprecated declaration spi0_slaveroutine - give arg types
spi0.h(42): warning:  #1-D: last line of file ends without a newline
slave_main.c(14): warning:  #175-D: subscript out of range
slave_main.c(26): warning:  #111-D: statement is unreachable
slave_main.c(27): warning:  #1-D: last line of file ends without a newline
slave_main.c(7): warning:  #177-D: variable "flush" was declared but never referenced
linking...
Program Size: Code=2540 RO-data=32 RW-data=32 ZI-data=1456  
FromELF: creating hex file...
User command #1: fromelf --bin spi.axf -o 1.bin
"spi.axf" - 0 Error(s), 41 Warning(s).
Build target 'Target 1'
compiling slave_main.c...
uart.h(18): warning:  #1295-D: Deprecated declaration readRBR - give arg types
uart.h(24): warning:  #1295-D: Deprecated declaration enableDLAB - give arg types
uart.h(26): warning:  #1295-D: Deprecated declaration disableDLAB - give arg types
uart.h(32): warning:  #1295-D: Deprecated declaration enableFIFO - give arg types
uart.h(34): warning:  #1295-D: Deprecated declaration disableFIFO - give arg types
uart.h(36): warning:  #1295-D: Deprecated declaration cleanFIFOregs - give arg types
uart.h(40): warning:  #1295-D: Deprecated declaration setLineCtrlReg - give arg types
uart.h(42): warning:  #1295-D: Deprecated declaration getlinestatus - give arg types
uart.h(44): warning:  #1295-D: Deprecated declaration enabletransmit - give arg types
uart.h(46): warning:  #1295-D: Deprecated declaration disabletransmit - give arg types
uart.h(48): warning:  #1295-D: Deprecated declaration uart0routine - give arg types
utils.h(43): warning:  #1-D: last line of file ends without a newline
spi0.h(31): warning:  #1295-D: Deprecated declaration spi0_masterinit - give arg types
spi0.h(34): warning:  #1295-D: Deprecated declaration spi0_masterread - give arg types
spi0.h(36): warning:  #1295-D: Deprecated declaration spi0_slaveinit - give arg types
spi0.h(38): warning:  #1295-D: Deprecated declaration spi0_slaveread - give arg types
spi0.h(40): warning:  #1295-D: Deprecated declaration spi0_slaveroutine - give arg types
spi0.h(42): warning:  #1-D: last line of file ends without a newline
slave_main.c(14): warning:  #175-D: subscript out of range
slave_main.c(26): warning:  #111-D: statement is unreachable
slave_main.c(27): warning:  #1-D: last line of file ends without a newline
slave_main.c(7): warning:  #177-D: variable "flush" was declared but never referenced
linking...
Program Size: Code=2524 RO-data=32 RW-data=32 ZI-data=1456  
FromELF: creating hex file...
User command #1: fromelf --bin spi.axf -o 1.bin
"spi.axf" - 0 Error(s), 22 Warning(s).
