<html>
<body>
<pre>
<h1>µVision Build Log</h1>
<h2>Project:</h2>
C:\Users\Victor\Desktop\MTECH\ESD\Keil\lab\exp9\uart.uvproj
Project File Date:  03/31/2022

<h2>Output:</h2>
Build target 'Target 1'
compiling main.c...
uart.h(18): warning:  #1295-D: Deprecated declaration readRBR - give arg types
uart.h(24): warning:  #1295-D: Deprecated declaration enableDLAB - give arg types
uart.h(26): warning:  #1295-D: Deprecated declaration disableDLAB - give arg types
uart.h(32): warning:  #1295-D: Deprecated declaration enableFIFO - give arg types
uart.h(34): warning:  #1295-D: Deprecated declaration disableFIFO - give arg types
uart.h(36): warning:  #1295-D: Deprecated declaration cleanFIFOregs - give arg types
uart.h(40): warning:  #1295-D: Deprecated declaration setLineCtrlReg - give arg types
uart.h(42): warning:  #1295-D: Deprecated declaration getlinestatus - give arg types
uart.h(44): warning:  #1295-D: Deprecated declaration enabletransmit - give arg types
uart.h(46): warning:  #1295-D: Deprecated declaration disabletransmit - give arg types
uart.h(48): warning:  #1295-D: Deprecated declaration uart0routine - give arg types
utils.h(42): warning:  #1-D: last line of file ends without a newline
main.c(19): warning:  #223-D: function "set_pll" declared implicitly
main.c(34): warning:  #175-D: subscript out of range
main.c(84): warning:  #111-D: statement is unreachable
main.c(17): warning:  #177-D: variable "tempstringbffr" was declared but never referenced
main.c(18): warning:  #177-D: variable "tempstr" was declared but never referenced
main.c(88): error:  #159: declaration is incompatible with previous "set_pll" (declared at line 19)
Target not created
Build target 'Target 1'
compiling main.c...
uart.h(18): warning:  #1295-D: Deprecated declaration readRBR - give arg types
uart.h(24): warning:  #1295-D: Deprecated declaration enableDLAB - give arg types
uart.h(26): warning:  #1295-D: Deprecated declaration disableDLAB - give arg types
uart.h(32): warning:  #1295-D: Deprecated declaration enableFIFO - give arg types
uart.h(34): warning:  #1295-D: Deprecated declaration disableFIFO - give arg types
uart.h(36): warning:  #1295-D: Deprecated declaration cleanFIFOregs - give arg types
uart.h(40): warning:  #1295-D: Deprecated declaration setLineCtrlReg - give arg types
uart.h(42): warning:  #1295-D: Deprecated declaration getlinestatus - give arg types
uart.h(44): warning:  #1295-D: Deprecated declaration enabletransmit - give arg types
uart.h(46): warning:  #1295-D: Deprecated declaration disabletransmit - give arg types
uart.h(48): warning:  #1295-D: Deprecated declaration uart0routine - give arg types
utils.h(42): warning:  #1-D: last line of file ends without a newline
main.c(35): warning:  #175-D: subscript out of range
main.c(85): warning:  #111-D: statement is unreachable
main.c(18): warning:  #177-D: variable "tempstringbffr" was declared but never referenced
main.c(19): warning:  #177-D: variable "tempstr" was declared but never referenced
linking...
Program Size: Code=2476 RO-data=108 RW-data=16 ZI-data=1360  
FromELF: creating hex file...
User command #1: fromelf --bin uart.axf -o 1uart.bin
"uart.axf" - 0 Error(s), 16 Warning(s).
Build target 'Target 1'
compiling main.c...
uart.h(18): warning:  #1295-D: Deprecated declaration readRBR - give arg types
uart.h(24): warning:  #1295-D: Deprecated declaration enableDLAB - give arg types
uart.h(26): warning:  #1295-D: Deprecated declaration disableDLAB - give arg types
uart.h(32): warning:  #1295-D: Deprecated declaration enableFIFO - give arg types
uart.h(34): warning:  #1295-D: Deprecated declaration disableFIFO - give arg types
uart.h(36): warning:  #1295-D: Deprecated declaration cleanFIFOregs - give arg types
uart.h(40): warning:  #1295-D: Deprecated declaration setLineCtrlReg - give arg types
uart.h(42): warning:  #1295-D: Deprecated declaration getlinestatus - give arg types
uart.h(44): warning:  #1295-D: Deprecated declaration enabletransmit - give arg types
uart.h(46): warning:  #1295-D: Deprecated declaration disabletransmit - give arg types
uart.h(48): warning:  #1295-D: Deprecated declaration uart0routine - give arg types
utils.h(42): warning:  #1-D: last line of file ends without a newline
main.c(35): warning:  #175-D: subscript out of range
main.c(95): warning:  #111-D: statement is unreachable
main.c(18): warning:  #177-D: variable "tempstringbffr" was declared but never referenced
main.c(19): warning:  #177-D: variable "tempstr" was declared but never referenced
linking...
Program Size: Code=2556 RO-data=108 RW-data=16 ZI-data=1360  
FromELF: creating hex file...
User command #1: fromelf --bin uart.axf -o 1uart.bin
"uart.axf" - 0 Error(s), 16 Warning(s).
Build target 'Target 1'
linking...
Program Size: Code=2556 RO-data=108 RW-data=16 ZI-data=1360  
FromELF: creating hex file...
User command #1: fromelf --bin uart.axf -o 1uart.bin
"uart.axf" - 0 Error(s), 0 Warning(s).
Build target 'Target 1'
compiling main.c...
uart.h(18): warning:  #1295-D: Deprecated declaration readRBR - give arg types
uart.h(24): warning:  #1295-D: Deprecated declaration enableDLAB - give arg types
uart.h(26): warning:  #1295-D: Deprecated declaration disableDLAB - give arg types
uart.h(32): warning:  #1295-D: Deprecated declaration enableFIFO - give arg types
uart.h(34): warning:  #1295-D: Deprecated declaration disableFIFO - give arg types
uart.h(36): warning:  #1295-D: Deprecated declaration cleanFIFOregs - give arg types
uart.h(40): warning:  #1295-D: Deprecated declaration setLineCtrlReg - give arg types
uart.h(42): warning:  #1295-D: Deprecated declaration getlinestatus - give arg types
uart.h(44): warning:  #1295-D: Deprecated declaration enabletransmit - give arg types
uart.h(46): warning:  #1295-D: Deprecated declaration disabletransmit - give arg types
uart.h(48): warning:  #1295-D: Deprecated declaration uart0routine - give arg types
utils.h(42): warning:  #1-D: last line of file ends without a newline
main.c(36): warning:  #175-D: subscript out of range
main.c(101): warning:  #111-D: statement is unreachable
main.c(19): warning:  #177-D: variable "tempstringbffr" was declared but never referenced
main.c(20): warning:  #177-D: variable "tempstr" was declared but never referenced
linking...
Program Size: Code=2600 RO-data=108 RW-data=16 ZI-data=1360  
FromELF: creating hex file...
User command #1: fromelf --bin uart.axf -o 1uart.bin
"uart.axf" - 0 Error(s), 16 Warning(s).
