<html>
<body>
<pre>
<h1>µVision Build Log</h1>
<h2>Project:</h2>
C:\Users\Victor\Desktop\MTECH\ESD\Keil\lab\exp9\uart.uvproj
Project File Date:  03/31/2022

<h2>Output:</h2>
Build target 'Target 1'
compiling uart.c...
uart.h(18): warning:  #1295-D: Deprecated declaration readRBR - give arg types
uart.h(24): warning:  #1295-D: Deprecated declaration enableDLAB - give arg types
uart.h(26): warning:  #1295-D: Deprecated declaration disableDLAB - give arg types
uart.h(32): warning:  #1295-D: Deprecated declaration enableFIFO - give arg types
uart.h(34): warning:  #1295-D: Deprecated declaration disableFIFO - give arg types
uart.h(36): warning:  #1295-D: Deprecated declaration cleanFIFOregs - give arg types
uart.h(40): warning:  #1295-D: Deprecated declaration setLineCtrlReg - give arg types
uart.h(42): warning:  #1295-D: Deprecated declaration getlinestatus - give arg types
uart.h(44): warning:  #1295-D: Deprecated declaration enabletransmit - give arg types
uart.h(46): warning:  #1295-D: Deprecated declaration disabletransmit - give arg types
uart.h(48): warning:  #1295-D: Deprecated declaration uart0routine - give arg types
utils.h(42): warning:  #1-D: last line of file ends without a newline
linking...
uart.axf: Error: L6218E: Undefined symbol itoa (referred from main.o).
uart.axf: Error: L6218E: Undefined symbol uart_send_string (referred from main.o).
Target not created
Build target 'Target 1'
compiling main.c...
uart.h(18): warning:  #1295-D: Deprecated declaration readRBR - give arg types
uart.h(24): warning:  #1295-D: Deprecated declaration enableDLAB - give arg types
uart.h(26): warning:  #1295-D: Deprecated declaration disableDLAB - give arg types
uart.h(32): warning:  #1295-D: Deprecated declaration enableFIFO - give arg types
uart.h(34): warning:  #1295-D: Deprecated declaration disableFIFO - give arg types
uart.h(36): warning:  #1295-D: Deprecated declaration cleanFIFOregs - give arg types
uart.h(40): warning:  #1295-D: Deprecated declaration setLineCtrlReg - give arg types
uart.h(42): warning:  #1295-D: Deprecated declaration getlinestatus - give arg types
uart.h(44): warning:  #1295-D: Deprecated declaration enabletransmit - give arg types
uart.h(46): warning:  #1295-D: Deprecated declaration disabletransmit - give arg types
uart.h(48): warning:  #1295-D: Deprecated declaration uart0routine - give arg types
utils.h(42): warning:  #1-D: last line of file ends without a newline
main.c(31): warning:  #223-D: function "itoa" declared implicitly
main.c(50): warning:  #111-D: statement is unreachable
main.c(11): warning:  #177-D: variable "i" was declared but never referenced
compiling uart.c...
uart.h(18): warning:  #1295-D: Deprecated declaration readRBR - give arg types
uart.h(24): warning:  #1295-D: Deprecated declaration enableDLAB - give arg types
uart.h(26): warning:  #1295-D: Deprecated declaration disableDLAB - give arg types
uart.h(32): warning:  #1295-D: Deprecated declaration enableFIFO - give arg types
uart.h(34): warning:  #1295-D: Deprecated declaration disableFIFO - give arg types
uart.h(36): warning:  #1295-D: Deprecated declaration cleanFIFOregs - give arg types
uart.h(40): warning:  #1295-D: Deprecated declaration setLineCtrlReg - give arg types
uart.h(42): warning:  #1295-D: Deprecated declaration getlinestatus - give arg types
uart.h(44): warning:  #1295-D: Deprecated declaration enabletransmit - give arg types
uart.h(46): warning:  #1295-D: Deprecated declaration disabletransmit - give arg types
uart.h(48): warning:  #1295-D: Deprecated declaration uart0routine - give arg types
utils.h(42): warning:  #1-D: last line of file ends without a newline
linking...
uart.axf: Error: L6218E: Undefined symbol itoa (referred from main.o).
Target not created
Build target 'Target 1'
compiling main.c...
uart.h(18): warning:  #1295-D: Deprecated declaration readRBR - give arg types
uart.h(24): warning:  #1295-D: Deprecated declaration enableDLAB - give arg types
uart.h(26): warning:  #1295-D: Deprecated declaration disableDLAB - give arg types
uart.h(32): warning:  #1295-D: Deprecated declaration enableFIFO - give arg types
uart.h(34): warning:  #1295-D: Deprecated declaration disableFIFO - give arg types
uart.h(36): warning:  #1295-D: Deprecated declaration cleanFIFOregs - give arg types
uart.h(40): warning:  #1295-D: Deprecated declaration setLineCtrlReg - give arg types
uart.h(42): warning:  #1295-D: Deprecated declaration getlinestatus - give arg types
uart.h(44): warning:  #1295-D: Deprecated declaration enabletransmit - give arg types
uart.h(46): warning:  #1295-D: Deprecated declaration disabletransmit - give arg types
uart.h(48): warning:  #1295-D: Deprecated declaration uart0routine - give arg types
utils.h(42): warning:  #1-D: last line of file ends without a newline
main.c(31): warning:  #223-D: function "itoa" declared implicitly
main.c(50): warning:  #111-D: statement is unreachable
main.c(11): warning:  #177-D: variable "i" was declared but never referenced
linking...
uart.axf: Error: L6218E: Undefined symbol itoa (referred from main.o).
Target not created
Build target 'Target 1'
compiling main.c...
uart.h(18): warning:  #1295-D: Deprecated declaration readRBR - give arg types
uart.h(24): warning:  #1295-D: Deprecated declaration enableDLAB - give arg types
uart.h(26): warning:  #1295-D: Deprecated declaration disableDLAB - give arg types
uart.h(32): warning:  #1295-D: Deprecated declaration enableFIFO - give arg types
uart.h(34): warning:  #1295-D: Deprecated declaration disableFIFO - give arg types
uart.h(36): warning:  #1295-D: Deprecated declaration cleanFIFOregs - give arg types
uart.h(40): warning:  #1295-D: Deprecated declaration setLineCtrlReg - give arg types
uart.h(42): warning:  #1295-D: Deprecated declaration getlinestatus - give arg types
uart.h(44): warning:  #1295-D: Deprecated declaration enabletransmit - give arg types
uart.h(46): warning:  #1295-D: Deprecated declaration disabletransmit - give arg types
uart.h(48): warning:  #1295-D: Deprecated declaration uart0routine - give arg types
utils.h(42): warning:  #1-D: last line of file ends without a newline
main.c(47): warning:  #111-D: statement is unreachable
main.c(11): warning:  #177-D: variable "i" was declared but never referenced
main.c(13): warning:  #177-D: variable "transmitstring2" was declared but never referenced
main.c(15): warning:  #177-D: variable "tempstr" was declared but never referenced
linking...
Program Size: Code=1816 RO-data=32 RW-data=12 ZI-data=1356  
FromELF: creating hex file...
User command #1: fromelf --bin uart.axf -o 1uart.bin
"uart.axf" - 0 Error(s), 16 Warning(s).
Build target 'Target 1'
compiling main.c...
uart.h(18): warning:  #1295-D: Deprecated declaration readRBR - give arg types
uart.h(24): warning:  #1295-D: Deprecated declaration enableDLAB - give arg types
uart.h(26): warning:  #1295-D: Deprecated declaration disableDLAB - give arg types
uart.h(32): warning:  #1295-D: Deprecated declaration enableFIFO - give arg types
uart.h(34): warning:  #1295-D: Deprecated declaration disableFIFO - give arg types
uart.h(36): warning:  #1295-D: Deprecated declaration cleanFIFOregs - give arg types
uart.h(40): warning:  #1295-D: Deprecated declaration setLineCtrlReg - give arg types
uart.h(42): warning:  #1295-D: Deprecated declaration getlinestatus - give arg types
uart.h(44): warning:  #1295-D: Deprecated declaration enabletransmit - give arg types
uart.h(46): warning:  #1295-D: Deprecated declaration disabletransmit - give arg types
uart.h(48): warning:  #1295-D: Deprecated declaration uart0routine - give arg types
utils.h(42): warning:  #1-D: last line of file ends without a newline
main.c(47): warning:  #111-D: statement is unreachable
main.c(11): warning:  #177-D: variable "i" was declared but never referenced
main.c(13): warning:  #177-D: variable "transmitstring2" was declared but never referenced
main.c(15): warning:  #177-D: variable "tempstr" was declared but never referenced
linking...
Program Size: Code=1816 RO-data=32 RW-data=12 ZI-data=1356  
FromELF: creating hex file...
User command #1: fromelf --bin uart.axf -o 1uart.bin
"uart.axf" - 0 Error(s), 16 Warning(s).
Build target 'Target 1'
compiling uart.c...
uart.h(18): warning:  #1295-D: Deprecated declaration readRBR - give arg types
uart.h(24): warning:  #1295-D: Deprecated declaration enableDLAB - give arg types
uart.h(26): warning:  #1295-D: Deprecated declaration disableDLAB - give arg types
uart.h(32): warning:  #1295-D: Deprecated declaration enableFIFO - give arg types
uart.h(34): warning:  #1295-D: Deprecated declaration disableFIFO - give arg types
uart.h(36): warning:  #1295-D: Deprecated declaration cleanFIFOregs - give arg types
uart.h(40): warning:  #1295-D: Deprecated declaration setLineCtrlReg - give arg types
uart.h(42): warning:  #1295-D: Deprecated declaration getlinestatus - give arg types
uart.h(44): warning:  #1295-D: Deprecated declaration enabletransmit - give arg types
uart.h(46): warning:  #1295-D: Deprecated declaration disabletransmit - give arg types
uart.h(48): warning:  #1295-D: Deprecated declaration uart0routine - give arg types
utils.h(42): warning:  #1-D: last line of file ends without a newline
uart.c(106): warning:  #177-D: variable "iir_value" was declared but never referenced
linking...
Program Size: Code=1768 RO-data=32 RW-data=12 ZI-data=1356  
FromELF: creating hex file...
User command #1: fromelf --bin uart.axf -o 1uart.bin
"uart.axf" - 0 Error(s), 13 Warning(s).
Build target 'Target 1'
compiling main.c...
uart.h(18): warning:  #1295-D: Deprecated declaration readRBR - give arg types
uart.h(24): warning:  #1295-D: Deprecated declaration enableDLAB - give arg types
uart.h(26): warning:  #1295-D: Deprecated declaration disableDLAB - give arg types
uart.h(32): warning:  #1295-D: Deprecated declaration enableFIFO - give arg types
uart.h(34): warning:  #1295-D: Deprecated declaration disableFIFO - give arg types
uart.h(36): warning:  #1295-D: Deprecated declaration cleanFIFOregs - give arg types
uart.h(40): warning:  #1295-D: Deprecated declaration setLineCtrlReg - give arg types
uart.h(42): warning:  #1295-D: Deprecated declaration getlinestatus - give arg types
uart.h(44): warning:  #1295-D: Deprecated declaration enabletransmit - give arg types
uart.h(46): warning:  #1295-D: Deprecated declaration disabletransmit - give arg types
uart.h(48): warning:  #1295-D: Deprecated declaration uart0routine - give arg types
utils.h(42): warning:  #1-D: last line of file ends without a newline
main.c(48): warning:  #111-D: statement is unreachable
main.c(11): warning:  #177-D: variable "i" was declared but never referenced
main.c(13): warning:  #177-D: variable "transmitstring2" was declared but never referenced
main.c(15): warning:  #177-D: variable "tempstr" was declared but never referenced
compiling uart.c...
uart.h(18): warning:  #1295-D: Deprecated declaration readRBR - give arg types
uart.h(24): warning:  #1295-D: Deprecated declaration enableDLAB - give arg types
uart.h(26): warning:  #1295-D: Deprecated declaration disableDLAB - give arg types
uart.h(32): warning:  #1295-D: Deprecated declaration enableFIFO - give arg types
uart.h(34): warning:  #1295-D: Deprecated declaration disableFIFO - give arg types
uart.h(36): warning:  #1295-D: Deprecated declaration cleanFIFOregs - give arg types
uart.h(40): warning:  #1295-D: Deprecated declaration setLineCtrlReg - give arg types
uart.h(42): warning:  #1295-D: Deprecated declaration getlinestatus - give arg types
uart.h(44): warning:  #1295-D: Deprecated declaration enabletransmit - give arg types
uart.h(46): warning:  #1295-D: Deprecated declaration disabletransmit - give arg types
uart.h(48): warning:  #1295-D: Deprecated declaration uart0routine - give arg types
utils.h(42): warning:  #1-D: last line of file ends without a newline
uart.c(106): error:  #268: declaration may not appear after executable statement in block
uart.c(106): warning:  #177-D: variable "iir_value" was declared but never referenced
Target not created
compiling main.c...
uart.h(18): warning:  #1295-D: Deprecated declaration readRBR - give arg types
uart.h(24): warning:  #1295-D: Deprecated declaration enableDLAB - give arg types
uart.h(26): warning:  #1295-D: Deprecated declaration disableDLAB - give arg types
uart.h(32): warning:  #1295-D: Deprecated declaration enableFIFO - give arg types
uart.h(34): warning:  #1295-D: Deprecated declaration disableFIFO - give arg types
uart.h(36): warning:  #1295-D: Deprecated declaration cleanFIFOregs - give arg types
uart.h(40): warning:  #1295-D: Deprecated declaration setLineCtrlReg - give arg types
uart.h(42): warning:  #1295-D: Deprecated declaration getlinestatus - give arg types
uart.h(44): warning:  #1295-D: Deprecated declaration enabletransmit - give arg types
uart.h(46): warning:  #1295-D: Deprecated declaration disabletransmit - give arg types
uart.h(48): warning:  #1295-D: Deprecated declaration uart0routine - give arg types
utils.h(42): warning:  #1-D: last line of file ends without a newline
main.c(52): warning:  #111-D: statement is unreachable
main.c(13): warning:  #177-D: variable "transmitstring2" was declared but never referenced
main.c(15): warning:  #177-D: variable "tempstr" was declared but never referenced
main.c - 0 Error(s), 15 Warning(s).
Build target 'Target 1'
compiling uart.c...
uart.h(18): warning:  #1295-D: Deprecated declaration readRBR - give arg types
uart.h(24): warning:  #1295-D: Deprecated declaration enableDLAB - give arg types
uart.h(26): warning:  #1295-D: Deprecated declaration disableDLAB - give arg types
uart.h(32): warning:  #1295-D: Deprecated declaration enableFIFO - give arg types
uart.h(34): warning:  #1295-D: Deprecated declaration disableFIFO - give arg types
uart.h(36): warning:  #1295-D: Deprecated declaration cleanFIFOregs - give arg types
uart.h(40): warning:  #1295-D: Deprecated declaration setLineCtrlReg - give arg types
uart.h(42): warning:  #1295-D: Deprecated declaration getlinestatus - give arg types
uart.h(44): warning:  #1295-D: Deprecated declaration enabletransmit - give arg types
uart.h(46): warning:  #1295-D: Deprecated declaration disabletransmit - give arg types
uart.h(48): warning:  #1295-D: Deprecated declaration uart0routine - give arg types
utils.h(42): warning:  #1-D: last line of file ends without a newline
uart.c(108): error:  #268: declaration may not appear after executable statement in block
uart.c(108): warning:  #177-D: variable "iir_value" was declared but never referenced
Target not created
Build target 'Target 1'
compiling uart.c...
uart.h(18): warning:  #1295-D: Deprecated declaration readRBR - give arg types
uart.h(24): warning:  #1295-D: Deprecated declaration enableDLAB - give arg types
uart.h(26): warning:  #1295-D: Deprecated declaration disableDLAB - give arg types
uart.h(32): warning:  #1295-D: Deprecated declaration enableFIFO - give arg types
uart.h(34): warning:  #1295-D: Deprecated declaration disableFIFO - give arg types
uart.h(36): warning:  #1295-D: Deprecated declaration cleanFIFOregs - give arg types
uart.h(40): warning:  #1295-D: Deprecated declaration setLineCtrlReg - give arg types
uart.h(42): warning:  #1295-D: Deprecated declaration getlinestatus - give arg types
uart.h(44): warning:  #1295-D: Deprecated declaration enabletransmit - give arg types
uart.h(46): warning:  #1295-D: Deprecated declaration disabletransmit - give arg types
uart.h(48): warning:  #1295-D: Deprecated declaration uart0routine - give arg types
utils.h(42): warning:  #1-D: last line of file ends without a newline
linking...
Program Size: Code=1872 RO-data=32 RW-data=12 ZI-data=1356  
FromELF: creating hex file...
User command #1: fromelf --bin uart.axf -o 1uart.bin
"uart.axf" - 0 Error(s), 12 Warning(s).
Build target 'Target 1'
compiling uart.c...
uart.h(18): warning:  #1295-D: Deprecated declaration readRBR - give arg types
uart.h(24): warning:  #1295-D: Deprecated declaration enableDLAB - give arg types
uart.h(26): warning:  #1295-D: Deprecated declaration disableDLAB - give arg types
uart.h(32): warning:  #1295-D: Deprecated declaration enableFIFO - give arg types
uart.h(34): warning:  #1295-D: Deprecated declaration disableFIFO - give arg types
uart.h(36): warning:  #1295-D: Deprecated declaration cleanFIFOregs - give arg types
uart.h(40): warning:  #1295-D: Deprecated declaration setLineCtrlReg - give arg types
uart.h(42): warning:  #1295-D: Deprecated declaration getlinestatus - give arg types
uart.h(44): warning:  #1295-D: Deprecated declaration enabletransmit - give arg types
uart.h(46): warning:  #1295-D: Deprecated declaration disabletransmit - give arg types
uart.h(48): warning:  #1295-D: Deprecated declaration uart0routine - give arg types
utils.h(42): warning:  #1-D: last line of file ends without a newline
linking...
Program Size: Code=1888 RO-data=32 RW-data=12 ZI-data=1356  
FromELF: creating hex file...
User command #1: fromelf --bin uart.axf -o 1uart.bin
"uart.axf" - 0 Error(s), 12 Warning(s).
Build target 'Target 1'
assembling Startup.s...
compiling main.c...
uart.h(18): warning:  #1295-D: Deprecated declaration readRBR - give arg types
uart.h(24): warning:  #1295-D: Deprecated declaration enableDLAB - give arg types
uart.h(26): warning:  #1295-D: Deprecated declaration disableDLAB - give arg types
uart.h(32): warning:  #1295-D: Deprecated declaration enableFIFO - give arg types
uart.h(34): warning:  #1295-D: Deprecated declaration disableFIFO - give arg types
uart.h(36): warning:  #1295-D: Deprecated declaration cleanFIFOregs - give arg types
uart.h(40): warning:  #1295-D: Deprecated declaration setLineCtrlReg - give arg types
uart.h(42): warning:  #1295-D: Deprecated declaration getlinestatus - give arg types
uart.h(44): warning:  #1295-D: Deprecated declaration enabletransmit - give arg types
uart.h(46): warning:  #1295-D: Deprecated declaration disabletransmit - give arg types
uart.h(48): warning:  #1295-D: Deprecated declaration uart0routine - give arg types
utils.h(42): warning:  #1-D: last line of file ends without a newline
main.c(52): warning:  #111-D: statement is unreachable
main.c(13): warning:  #177-D: variable "transmitstring2" was declared but never referenced
main.c(15): warning:  #177-D: variable "tempstr" was declared but never referenced
compiling utils.c...
utils.h(42): warning:  #1-D: last line of file ends without a newline
compiling uart.c...
uart.h(18): warning:  #1295-D: Deprecated declaration readRBR - give arg types
uart.h(24): warning:  #1295-D: Deprecated declaration enableDLAB - give arg types
uart.h(26): warning:  #1295-D: Deprecated declaration disableDLAB - give arg types
uart.h(32): warning:  #1295-D: Deprecated declaration enableFIFO - give arg types
uart.h(34): warning:  #1295-D: Deprecated declaration disableFIFO - give arg types
uart.h(36): warning:  #1295-D: Deprecated declaration cleanFIFOregs - give arg types
uart.h(40): warning:  #1295-D: Deprecated declaration setLineCtrlReg - give arg types
uart.h(42): warning:  #1295-D: Deprecated declaration getlinestatus - give arg types
uart.h(44): warning:  #1295-D: Deprecated declaration enabletransmit - give arg types
uart.h(46): warning:  #1295-D: Deprecated declaration disabletransmit - give arg types
uart.h(48): warning:  #1295-D: Deprecated declaration uart0routine - give arg types
utils.h(42): warning:  #1-D: last line of file ends without a newline
linking...
Program Size: Code=1828 RO-data=32 RW-data=12 ZI-data=1356  
FromELF: creating hex file...
User command #1: fromelf --bin uart.axf -o 1uart.bin
"uart.axf" - 0 Error(s), 28 Warning(s).
Build target 'Target 1'
compiling main.c...
uart.h(18): warning:  #1295-D: Deprecated declaration readRBR - give arg types
uart.h(24): warning:  #1295-D: Deprecated declaration enableDLAB - give arg types
uart.h(26): warning:  #1295-D: Deprecated declaration disableDLAB - give arg types
uart.h(32): warning:  #1295-D: Deprecated declaration enableFIFO - give arg types
uart.h(34): warning:  #1295-D: Deprecated declaration disableFIFO - give arg types
uart.h(36): warning:  #1295-D: Deprecated declaration cleanFIFOregs - give arg types
uart.h(40): warning:  #1295-D: Deprecated declaration setLineCtrlReg - give arg types
uart.h(42): warning:  #1295-D: Deprecated declaration getlinestatus - give arg types
uart.h(44): warning:  #1295-D: Deprecated declaration enabletransmit - give arg types
uart.h(46): warning:  #1295-D: Deprecated declaration disabletransmit - give arg types
uart.h(48): warning:  #1295-D: Deprecated declaration uart0routine - give arg types
utils.h(42): warning:  #1-D: last line of file ends without a newline
main.c(25): warning:  #175-D: subscript out of range
main.c(43): error:  #20: identifier "BUFRINDX" is undefined
main.c(52): warning:  #111-D: statement is unreachable
main.c(13): warning:  #177-D: variable "transmitstring2" was declared but never referenced
main.c(15): warning:  #177-D: variable "tempstr" was declared but never referenced
compiling uart.c...
uart.h(18): warning:  #1295-D: Deprecated declaration readRBR - give arg types
uart.h(24): warning:  #1295-D: Deprecated declaration enableDLAB - give arg types
uart.h(26): warning:  #1295-D: Deprecated declaration disableDLAB - give arg types
uart.h(32): warning:  #1295-D: Deprecated declaration enableFIFO - give arg types
uart.h(34): warning:  #1295-D: Deprecated declaration disableFIFO - give arg types
uart.h(36): warning:  #1295-D: Deprecated declaration cleanFIFOregs - give arg types
uart.h(40): warning:  #1295-D: Deprecated declaration setLineCtrlReg - give arg types
uart.h(42): warning:  #1295-D: Deprecated declaration getlinestatus - give arg types
uart.h(44): warning:  #1295-D: Deprecated declaration enabletransmit - give arg types
uart.h(46): warning:  #1295-D: Deprecated declaration disabletransmit - give arg types
uart.h(48): warning:  #1295-D: Deprecated declaration uart0routine - give arg types
utils.h(42): warning:  #1-D: last line of file ends without a newline
Target not created
Build target 'Target 1'
compiling main.c...
uart.h(18): warning:  #1295-D: Deprecated declaration readRBR - give arg types
uart.h(24): warning:  #1295-D: Deprecated declaration enableDLAB - give arg types
uart.h(26): warning:  #1295-D: Deprecated declaration disableDLAB - give arg types
uart.h(32): warning:  #1295-D: Deprecated declaration enableFIFO - give arg types
uart.h(34): warning:  #1295-D: Deprecated declaration disableFIFO - give arg types
uart.h(36): warning:  #1295-D: Deprecated declaration cleanFIFOregs - give arg types
uart.h(40): warning:  #1295-D: Deprecated declaration setLineCtrlReg - give arg types
uart.h(42): warning:  #1295-D: Deprecated declaration getlinestatus - give arg types
uart.h(44): warning:  #1295-D: Deprecated declaration enabletransmit - give arg types
uart.h(46): warning:  #1295-D: Deprecated declaration disabletransmit - give arg types
uart.h(48): warning:  #1295-D: Deprecated declaration uart0routine - give arg types
utils.h(42): warning:  #1-D: last line of file ends without a newline
main.c(25): warning:  #175-D: subscript out of range
main.c(53): warning:  #111-D: statement is unreachable
main.c(13): warning:  #177-D: variable "transmitstring2" was declared but never referenced
main.c(15): warning:  #177-D: variable "tempstr" was declared but never referenced
linking...
Program Size: Code=1920 RO-data=32 RW-data=16 ZI-data=1360  
FromELF: creating hex file...
User command #1: fromelf --bin uart.axf -o 1uart.bin
"uart.axf" - 0 Error(s), 16 Warning(s).
Build target 'Target 1'
compiling main.c...
uart.h(18): warning:  #1295-D: Deprecated declaration readRBR - give arg types
uart.h(24): warning:  #1295-D: Deprecated declaration enableDLAB - give arg types
uart.h(26): warning:  #1295-D: Deprecated declaration disableDLAB - give arg types
uart.h(32): warning:  #1295-D: Deprecated declaration enableFIFO - give arg types
uart.h(34): warning:  #1295-D: Deprecated declaration disableFIFO - give arg types
uart.h(36): warning:  #1295-D: Deprecated declaration cleanFIFOregs - give arg types
uart.h(40): warning:  #1295-D: Deprecated declaration setLineCtrlReg - give arg types
uart.h(42): warning:  #1295-D: Deprecated declaration getlinestatus - give arg types
uart.h(44): warning:  #1295-D: Deprecated declaration enabletransmit - give arg types
uart.h(46): warning:  #1295-D: Deprecated declaration disabletransmit - give arg types
uart.h(48): warning:  #1295-D: Deprecated declaration uart0routine - give arg types
utils.h(42): warning:  #1-D: last line of file ends without a newline
main.c(25): warning:  #175-D: subscript out of range
main.c(56): warning:  #111-D: statement is unreachable
main.c(13): warning:  #177-D: variable "transmitstring2" was declared but never referenced
main.c(15): warning:  #177-D: variable "tempstr" was declared but never referenced
linking...
Program Size: Code=1960 RO-data=32 RW-data=16 ZI-data=1360  
FromELF: creating hex file...
User command #1: fromelf --bin uart.axf -o 1uart.bin
"uart.axf" - 0 Error(s), 16 Warning(s).
Build target 'Target 1'
compiling uart.c...
uart.h(18): warning:  #1295-D: Deprecated declaration readRBR - give arg types
uart.h(24): warning:  #1295-D: Deprecated declaration enableDLAB - give arg types
uart.h(26): warning:  #1295-D: Deprecated declaration disableDLAB - give arg types
uart.h(32): warning:  #1295-D: Deprecated declaration enableFIFO - give arg types
uart.h(34): warning:  #1295-D: Deprecated declaration disableFIFO - give arg types
uart.h(36): warning:  #1295-D: Deprecated declaration cleanFIFOregs - give arg types
uart.h(40): warning:  #1295-D: Deprecated declaration setLineCtrlReg - give arg types
uart.h(42): warning:  #1295-D: Deprecated declaration getlinestatus - give arg types
uart.h(44): warning:  #1295-D: Deprecated declaration enabletransmit - give arg types
uart.h(46): warning:  #1295-D: Deprecated declaration disabletransmit - give arg types
uart.h(48): warning:  #1295-D: Deprecated declaration uart0routine - give arg types
utils.h(42): warning:  #1-D: last line of file ends without a newline
linking...
Program Size: Code=1960 RO-data=32 RW-data=16 ZI-data=1360  
FromELF: creating hex file...
User command #1: fromelf --bin uart.axf -o 1uart.bin
"uart.axf" - 0 Error(s), 12 Warning(s).
Build target 'Target 1'
compiling uart.c...
uart.h(18): warning:  #1295-D: Deprecated declaration readRBR - give arg types
uart.h(24): warning:  #1295-D: Deprecated declaration enableDLAB - give arg types
uart.h(26): warning:  #1295-D: Deprecated declaration disableDLAB - give arg types
uart.h(32): warning:  #1295-D: Deprecated declaration enableFIFO - give arg types
uart.h(34): warning:  #1295-D: Deprecated declaration disableFIFO - give arg types
uart.h(36): warning:  #1295-D: Deprecated declaration cleanFIFOregs - give arg types
uart.h(40): warning:  #1295-D: Deprecated declaration setLineCtrlReg - give arg types
uart.h(42): warning:  #1295-D: Deprecated declaration getlinestatus - give arg types
uart.h(44): warning:  #1295-D: Deprecated declaration enabletransmit - give arg types
uart.h(46): warning:  #1295-D: Deprecated declaration disabletransmit - give arg types
uart.h(48): warning:  #1295-D: Deprecated declaration uart0routine - give arg types
utils.h(42): warning:  #1-D: last line of file ends without a newline
linking...
Program Size: Code=1984 RO-data=32 RW-data=16 ZI-data=1360  
FromELF: creating hex file...
User command #1: fromelf --bin uart.axf -o 1uart.bin
"uart.axf" - 0 Error(s), 12 Warning(s).
Build target 'Target 1'
compiling main.c...
uart.h(18): warning:  #1295-D: Deprecated declaration readRBR - give arg types
uart.h(24): warning:  #1295-D: Deprecated declaration enableDLAB - give arg types
uart.h(26): warning:  #1295-D: Deprecated declaration disableDLAB - give arg types
uart.h(32): warning:  #1295-D: Deprecated declaration enableFIFO - give arg types
uart.h(34): warning:  #1295-D: Deprecated declaration disableFIFO - give arg types
uart.h(36): warning:  #1295-D: Deprecated declaration cleanFIFOregs - give arg types
uart.h(40): warning:  #1295-D: Deprecated declaration setLineCtrlReg - give arg types
uart.h(42): warning:  #1295-D: Deprecated declaration getlinestatus - give arg types
uart.h(44): warning:  #1295-D: Deprecated declaration enabletransmit - give arg types
uart.h(46): warning:  #1295-D: Deprecated declaration disabletransmit - give arg types
uart.h(48): warning:  #1295-D: Deprecated declaration uart0routine - give arg types
utils.h(42): warning:  #1-D: last line of file ends without a newline
main.c(27): warning:  #175-D: subscript out of range
main.c(37): warning:  #223-D: function "sprintf" declared implicitly
main.c(61): warning:  #111-D: statement is unreachable
main.c(15): warning:  #177-D: variable "tempstr" was declared but never referenced
compiling utils.c...
utils.h(42): warning:  #1-D: last line of file ends without a newline
utils.c(38): error:  #268: declaration may not appear after executable statement in block
utils.c(49): error:  #20: identifier "NULL" is undefined
utils.c(50): warning:  #1-D: last line of file ends without a newline
utils.c(50): warning: At end of source:  #940-D: missing return statement at end of non-void function "itoa"
utils.c(50): error: At end of source:  #67: expected a "}"
Target not created
Build target 'Target 1'
compiling utils.c...
utils.h(42): warning:  #1-D: last line of file ends without a newline
utils.c(38): error:  #268: declaration may not appear after executable statement in block
utils.c(49): error:  #20: identifier "NULL" is undefined
utils.c(51): warning:  #1-D: last line of file ends without a newline
utils.c(51): warning:  #940-D: missing return statement at end of non-void function "itoa"
compiling uart.c...
uart.h(18): warning:  #1295-D: Deprecated declaration readRBR - give arg types
uart.h(24): warning:  #1295-D: Deprecated declaration enableDLAB - give arg types
uart.h(26): warning:  #1295-D: Deprecated declaration disableDLAB - give arg types
uart.h(32): warning:  #1295-D: Deprecated declaration enableFIFO - give arg types
uart.h(34): warning:  #1295-D: Deprecated declaration disableFIFO - give arg types
uart.h(36): warning:  #1295-D: Deprecated declaration cleanFIFOregs - give arg types
uart.h(40): warning:  #1295-D: Deprecated declaration setLineCtrlReg - give arg types
uart.h(42): warning:  #1295-D: Deprecated declaration getlinestatus - give arg types
uart.h(44): warning:  #1295-D: Deprecated declaration enabletransmit - give arg types
uart.h(46): warning:  #1295-D: Deprecated declaration disabletransmit - give arg types
uart.h(48): warning:  #1295-D: Deprecated declaration uart0routine - give arg types
utils.h(42): warning:  #1-D: last line of file ends without a newline
Target not created
Build target 'Target 1'
compiling main.c...
uart.h(18): warning:  #1295-D: Deprecated declaration readRBR - give arg types
uart.h(24): warning:  #1295-D: Deprecated declaration enableDLAB - give arg types
uart.h(26): warning:  #1295-D: Deprecated declaration disableDLAB - give arg types
uart.h(32): warning:  #1295-D: Deprecated declaration enableFIFO - give arg types
uart.h(34): warning:  #1295-D: Deprecated declaration disableFIFO - give arg types
uart.h(36): warning:  #1295-D: Deprecated declaration cleanFIFOregs - give arg types
uart.h(40): warning:  #1295-D: Deprecated declaration setLineCtrlReg - give arg types
uart.h(42): warning:  #1295-D: Deprecated declaration getlinestatus - give arg types
uart.h(44): warning:  #1295-D: Deprecated declaration enabletransmit - give arg types
uart.h(46): warning:  #1295-D: Deprecated declaration disabletransmit - give arg types
uart.h(48): warning:  #1295-D: Deprecated declaration uart0routine - give arg types
utils.h(43): warning:  #1-D: last line of file ends without a newline
main.c(27): warning:  #175-D: subscript out of range
main.c(37): warning:  #223-D: function "sprintf" declared implicitly
main.c(61): warning:  #111-D: statement is unreachable
main.c(15): warning:  #177-D: variable "tempstr" was declared but never referenced
compiling utils.c...
utils.h(43): warning:  #1-D: last line of file ends without a newline
utils.c(27): warning:  #1-D: last line of file ends without a newline
compiling uart.c...
uart.h(18): warning:  #1295-D: Deprecated declaration readRBR - give arg types
uart.h(24): warning:  #1295-D: Deprecated declaration enableDLAB - give arg types
uart.h(26): warning:  #1295-D: Deprecated declaration disableDLAB - give arg types
uart.h(32): warning:  #1295-D: Deprecated declaration enableFIFO - give arg types
uart.h(34): warning:  #1295-D: Deprecated declaration disableFIFO - give arg types
uart.h(36): warning:  #1295-D: Deprecated declaration cleanFIFOregs - give arg types
uart.h(40): warning:  #1295-D: Deprecated declaration setLineCtrlReg - give arg types
uart.h(42): warning:  #1295-D: Deprecated declaration getlinestatus - give arg types
uart.h(44): warning:  #1295-D: Deprecated declaration enabletransmit - give arg types
uart.h(46): warning:  #1295-D: Deprecated declaration disabletransmit - give arg types
uart.h(48): warning:  #1295-D: Deprecated declaration uart0routine - give arg types
utils.h(43): warning:  #1-D: last line of file ends without a newline
linking...
Program Size: Code=2608 RO-data=32 RW-data=16 ZI-data=1360  
FromELF: creating hex file...
User command #1: fromelf --bin uart.axf -o 1uart.bin
"uart.axf" - 0 Error(s), 30 Warning(s).
Build target 'Target 1'
compiling uart.c...
uart.h(18): warning:  #1295-D: Deprecated declaration readRBR - give arg types
uart.h(24): warning:  #1295-D: Deprecated declaration enableDLAB - give arg types
uart.h(26): warning:  #1295-D: Deprecated declaration disableDLAB - give arg types
uart.h(32): warning:  #1295-D: Deprecated declaration enableFIFO - give arg types
uart.h(34): warning:  #1295-D: Deprecated declaration disableFIFO - give arg types
uart.h(36): warning:  #1295-D: Deprecated declaration cleanFIFOregs - give arg types
uart.h(40): warning:  #1295-D: Deprecated declaration setLineCtrlReg - give arg types
uart.h(42): warning:  #1295-D: Deprecated declaration getlinestatus - give arg types
uart.h(44): warning:  #1295-D: Deprecated declaration enabletransmit - give arg types
uart.h(46): warning:  #1295-D: Deprecated declaration disabletransmit - give arg types
uart.h(48): warning:  #1295-D: Deprecated declaration uart0routine - give arg types
utils.h(43): warning:  #1-D: last line of file ends without a newline
linking...
Program Size: Code=2584 RO-data=32 RW-data=16 ZI-data=1360  
FromELF: creating hex file...
User command #1: fromelf --bin uart.axf -o 1uart.bin
"uart.axf" - 0 Error(s), 12 Warning(s).
Build target 'Target 1'
compiling main.c...
uart.h(18): warning:  #1295-D: Deprecated declaration readRBR - give arg types
uart.h(24): warning:  #1295-D: Deprecated declaration enableDLAB - give arg types
uart.h(26): warning:  #1295-D: Deprecated declaration disableDLAB - give arg types
uart.h(32): warning:  #1295-D: Deprecated declaration enableFIFO - give arg types
uart.h(34): warning:  #1295-D: Deprecated declaration disableFIFO - give arg types
uart.h(36): warning:  #1295-D: Deprecated declaration cleanFIFOregs - give arg types
uart.h(40): warning:  #1295-D: Deprecated declaration setLineCtrlReg - give arg types
uart.h(42): warning:  #1295-D: Deprecated declaration getlinestatus - give arg types
uart.h(44): warning:  #1295-D: Deprecated declaration enabletransmit - give arg types
uart.h(46): warning:  #1295-D: Deprecated declaration disabletransmit - give arg types
uart.h(48): warning:  #1295-D: Deprecated declaration uart0routine - give arg types
utils.h(43): warning:  #1-D: last line of file ends without a newline
main.c(27): warning:  #175-D: subscript out of range
main.c(37): warning:  #223-D: function "sprintf" declared implicitly
main.c(56): warning:  #111-D: statement is unreachable
main.c(15): warning:  #177-D: variable "tempstr" was declared but never referenced
compiling utils.c...
utils.h(43): warning:  #1-D: last line of file ends without a newline
utils.c(25): warning:  #1-D: last line of file ends without a newline
linking...
Program Size: Code=2560 RO-data=32 RW-data=16 ZI-data=1360  
FromELF: creating hex file...
User command #1: fromelf --bin uart.axf -o 1uart.bin
"uart.axf" - 0 Error(s), 18 Warning(s).
Build target 'Target 1'
compiling main.c...
uart.h(18): warning:  #1295-D: Deprecated declaration readRBR - give arg types
uart.h(24): warning:  #1295-D: Deprecated declaration enableDLAB - give arg types
uart.h(26): warning:  #1295-D: Deprecated declaration disableDLAB - give arg types
uart.h(32): warning:  #1295-D: Deprecated declaration enableFIFO - give arg types
uart.h(34): warning:  #1295-D: Deprecated declaration disableFIFO - give arg types
uart.h(36): warning:  #1295-D: Deprecated declaration cleanFIFOregs - give arg types
uart.h(40): warning:  #1295-D: Deprecated declaration setLineCtrlReg - give arg types
uart.h(42): warning:  #1295-D: Deprecated declaration getlinestatus - give arg types
uart.h(44): warning:  #1295-D: Deprecated declaration enabletransmit - give arg types
uart.h(46): warning:  #1295-D: Deprecated declaration disabletransmit - give arg types
uart.h(48): warning:  #1295-D: Deprecated declaration uart0routine - give arg types
utils.h(43): warning:  #1-D: last line of file ends without a newline
main.c(27): warning:  #175-D: subscript out of range
main.c(37): warning:  #223-D: function "sprintf" declared implicitly
main.c(57): warning:  #111-D: statement is unreachable
main.c(15): warning:  #177-D: variable "tempstr" was declared but never referenced
linking...
Program Size: Code=2608 RO-data=32 RW-data=16 ZI-data=1360  
FromELF: creating hex file...
User command #1: fromelf --bin uart.axf -o 1uart.bin
"uart.axf" - 0 Error(s), 16 Warning(s).
Build target 'Target 1'
linking...
Program Size: Code=2608 RO-data=32 RW-data=16 ZI-data=1360  
FromELF: creating hex file...
User command #1: fromelf --bin uart.axf -o 1uart.bin
"uart.axf" - 0 Error(s), 0 Warning(s).
Build target 'Target 1'
linking...
Program Size: Code=2608 RO-data=32 RW-data=16 ZI-data=1360  
FromELF: creating hex file...
User command #1: fromelf --bin uart.axf -o 1uart.bin
"uart.axf" - 0 Error(s), 0 Warning(s).
Build target 'Target 1'
compiling main.c...
uart.h(18): warning:  #1295-D: Deprecated declaration readRBR - give arg types
uart.h(24): warning:  #1295-D: Deprecated declaration enableDLAB - give arg types
uart.h(26): warning:  #1295-D: Deprecated declaration disableDLAB - give arg types
uart.h(32): warning:  #1295-D: Deprecated declaration enableFIFO - give arg types
uart.h(34): warning:  #1295-D: Deprecated declaration disableFIFO - give arg types
uart.h(36): warning:  #1295-D: Deprecated declaration cleanFIFOregs - give arg types
uart.h(40): warning:  #1295-D: Deprecated declaration setLineCtrlReg - give arg types
uart.h(42): warning:  #1295-D: Deprecated declaration getlinestatus - give arg types
uart.h(44): warning:  #1295-D: Deprecated declaration enabletransmit - give arg types
uart.h(46): warning:  #1295-D: Deprecated declaration disabletransmit - give arg types
uart.h(48): warning:  #1295-D: Deprecated declaration uart0routine - give arg types
utils.h(43): warning:  #1-D: last line of file ends without a newline
main.c(27): warning:  #175-D: subscript out of range
main.c(37): warning:  #223-D: function "sprintf" declared implicitly
main.c(57): warning:  #111-D: statement is unreachable
main.c(15): warning:  #177-D: variable "tempstr" was declared but never referenced
linking...
Program Size: Code=2604 RO-data=32 RW-data=16 ZI-data=1360  
FromELF: creating hex file...
User command #1: fromelf --bin uart.axf -o 1uart.bin
"uart.axf" - 0 Error(s), 16 Warning(s).
Build target 'Target 1'
compiling main.c...
uart.h(18): warning:  #1295-D: Deprecated declaration readRBR - give arg types
uart.h(24): warning:  #1295-D: Deprecated declaration enableDLAB - give arg types
uart.h(26): warning:  #1295-D: Deprecated declaration disableDLAB - give arg types
uart.h(32): warning:  #1295-D: Deprecated declaration enableFIFO - give arg types
uart.h(34): warning:  #1295-D: Deprecated declaration disableFIFO - give arg types
uart.h(36): warning:  #1295-D: Deprecated declaration cleanFIFOregs - give arg types
uart.h(40): warning:  #1295-D: Deprecated declaration setLineCtrlReg - give arg types
uart.h(42): warning:  #1295-D: Deprecated declaration getlinestatus - give arg types
uart.h(44): warning:  #1295-D: Deprecated declaration enabletransmit - give arg types
uart.h(46): warning:  #1295-D: Deprecated declaration disabletransmit - give arg types
uart.h(48): warning:  #1295-D: Deprecated declaration uart0routine - give arg types
utils.h(42): warning:  #1-D: last line of file ends without a newline
main.c(27): warning:  #175-D: subscript out of range
main.c(39): warning:  #223-D: function "sprintf" declared implicitly
main.c(57): warning:  #111-D: statement is unreachable
main.c(15): warning:  #177-D: variable "tempstr" was declared but never referenced
compiling utils.c...
utils.h(42): warning:  #1-D: last line of file ends without a newline
utils.c(45): warning:  #1-D: last line of file ends without a newline
compiling uart.c...
uart.h(18): warning:  #1295-D: Deprecated declaration readRBR - give arg types
uart.h(24): warning:  #1295-D: Deprecated declaration enableDLAB - give arg types
uart.h(26): warning:  #1295-D: Deprecated declaration disableDLAB - give arg types
uart.h(32): warning:  #1295-D: Deprecated declaration enableFIFO - give arg types
uart.h(34): warning:  #1295-D: Deprecated declaration disableFIFO - give arg types
uart.h(36): warning:  #1295-D: Deprecated declaration cleanFIFOregs - give arg types
uart.h(40): warning:  #1295-D: Deprecated declaration setLineCtrlReg - give arg types
uart.h(42): warning:  #1295-D: Deprecated declaration getlinestatus - give arg types
uart.h(44): warning:  #1295-D: Deprecated declaration enabletransmit - give arg types
uart.h(46): warning:  #1295-D: Deprecated declaration disabletransmit - give arg types
uart.h(48): warning:  #1295-D: Deprecated declaration uart0routine - give arg types
utils.h(42): warning:  #1-D: last line of file ends without a newline
linking...
Program Size: Code=2664 RO-data=32 RW-data=16 ZI-data=1360  
FromELF: creating hex file...
User command #1: fromelf --bin uart.axf -o 1uart.bin
"uart.axf" - 0 Error(s), 30 Warning(s).
Build target 'Target 1'
compiling main.c...
uart.h(18): warning:  #1295-D: Deprecated declaration readRBR - give arg types
uart.h(24): warning:  #1295-D: Deprecated declaration enableDLAB - give arg types
uart.h(26): warning:  #1295-D: Deprecated declaration disableDLAB - give arg types
uart.h(32): warning:  #1295-D: Deprecated declaration enableFIFO - give arg types
uart.h(34): warning:  #1295-D: Deprecated declaration disableFIFO - give arg types
uart.h(36): warning:  #1295-D: Deprecated declaration cleanFIFOregs - give arg types
uart.h(40): warning:  #1295-D: Deprecated declaration setLineCtrlReg - give arg types
uart.h(42): warning:  #1295-D: Deprecated declaration getlinestatus - give arg types
uart.h(44): warning:  #1295-D: Deprecated declaration enabletransmit - give arg types
uart.h(46): warning:  #1295-D: Deprecated declaration disabletransmit - give arg types
uart.h(48): warning:  #1295-D: Deprecated declaration uart0routine - give arg types
utils.h(42): warning:  #1-D: last line of file ends without a newline
main.c(30): warning:  #175-D: subscript out of range
main.c(61): warning:  #111-D: statement is unreachable
main.c(16): warning:  #177-D: variable "tempstringbffr" was declared but never referenced
main.c(18): warning:  #177-D: variable "tempstr" was declared but never referenced
compiling uart.c...
uart.h(18): warning:  #1295-D: Deprecated declaration readRBR - give arg types
uart.h(24): warning:  #1295-D: Deprecated declaration enableDLAB - give arg types
uart.h(26): warning:  #1295-D: Deprecated declaration disableDLAB - give arg types
uart.h(32): warning:  #1295-D: Deprecated declaration enableFIFO - give arg types
uart.h(34): warning:  #1295-D: Deprecated declaration disableFIFO - give arg types
uart.h(36): warning:  #1295-D: Deprecated declaration cleanFIFOregs - give arg types
uart.h(40): warning:  #1295-D: Deprecated declaration setLineCtrlReg - give arg types
uart.h(42): warning:  #1295-D: Deprecated declaration getlinestatus - give arg types
uart.h(44): warning:  #1295-D: Deprecated declaration enabletransmit - give arg types
uart.h(46): warning:  #1295-D: Deprecated declaration disabletransmit - give arg types
uart.h(48): warning:  #1295-D: Deprecated declaration uart0routine - give arg types
utils.h(42): warning:  #1-D: last line of file ends without a newline
linking...
Program Size: Code=1960 RO-data=32 RW-data=16 ZI-data=1360  
FromELF: creating hex file...
User command #1: fromelf --bin uart.axf -o 1uart.bin
"uart.axf" - 0 Error(s), 28 Warning(s).
Build target 'Target 1'
compiling main.c...
uart.h(18): warning:  #1295-D: Deprecated declaration readRBR - give arg types
uart.h(24): warning:  #1295-D: Deprecated declaration enableDLAB - give arg types
uart.h(26): warning:  #1295-D: Deprecated declaration disableDLAB - give arg types
uart.h(32): warning:  #1295-D: Deprecated declaration enableFIFO - give arg types
uart.h(34): warning:  #1295-D: Deprecated declaration disableFIFO - give arg types
uart.h(36): warning:  #1295-D: Deprecated declaration cleanFIFOregs - give arg types
uart.h(40): warning:  #1295-D: Deprecated declaration setLineCtrlReg - give arg types
uart.h(42): warning:  #1295-D: Deprecated declaration getlinestatus - give arg types
uart.h(44): warning:  #1295-D: Deprecated declaration enabletransmit - give arg types
uart.h(46): warning:  #1295-D: Deprecated declaration disabletransmit - give arg types
uart.h(48): warning:  #1295-D: Deprecated declaration uart0routine - give arg types
utils.h(42): warning:  #1-D: last line of file ends without a newline
main.c(30): warning:  #175-D: subscript out of range
main.c(39): error:  #167: argument of type "int" is incompatible with parameter of type "char *"
main.c(62): warning:  #111-D: statement is unreachable
main.c(16): warning:  #177-D: variable "tempstringbffr" was declared but never referenced
main.c(18): warning:  #177-D: variable "tempstr" was declared but never referenced
Target not created
Build target 'Target 1'
compiling main.c...
uart.h(18): warning:  #1295-D: Deprecated declaration readRBR - give arg types
uart.h(24): warning:  #1295-D: Deprecated declaration enableDLAB - give arg types
uart.h(26): warning:  #1295-D: Deprecated declaration disableDLAB - give arg types
uart.h(32): warning:  #1295-D: Deprecated declaration enableFIFO - give arg types
uart.h(34): warning:  #1295-D: Deprecated declaration disableFIFO - give arg types
uart.h(36): warning:  #1295-D: Deprecated declaration cleanFIFOregs - give arg types
uart.h(40): warning:  #1295-D: Deprecated declaration setLineCtrlReg - give arg types
uart.h(42): warning:  #1295-D: Deprecated declaration getlinestatus - give arg types
uart.h(44): warning:  #1295-D: Deprecated declaration enabletransmit - give arg types
uart.h(46): warning:  #1295-D: Deprecated declaration disabletransmit - give arg types
uart.h(48): warning:  #1295-D: Deprecated declaration uart0routine - give arg types
utils.h(42): warning:  #1-D: last line of file ends without a newline
main.c(30): warning:  #175-D: subscript out of range
main.c(39): error:  #167: argument of type "int" is incompatible with parameter of type "char *"
main.c(62): warning:  #111-D: statement is unreachable
main.c(16): warning:  #177-D: variable "tempstringbffr" was declared but never referenced
main.c(18): warning:  #177-D: variable "tempstr" was declared but never referenced
Target not created
Build target 'Target 1'
compiling main.c...
uart.h(18): warning:  #1295-D: Deprecated declaration readRBR - give arg types
uart.h(24): warning:  #1295-D: Deprecated declaration enableDLAB - give arg types
uart.h(26): warning:  #1295-D: Deprecated declaration disableDLAB - give arg types
uart.h(32): warning:  #1295-D: Deprecated declaration enableFIFO - give arg types
uart.h(34): warning:  #1295-D: Deprecated declaration disableFIFO - give arg types
uart.h(36): warning:  #1295-D: Deprecated declaration cleanFIFOregs - give arg types
uart.h(40): warning:  #1295-D: Deprecated declaration setLineCtrlReg - give arg types
uart.h(42): warning:  #1295-D: Deprecated declaration getlinestatus - give arg types
uart.h(44): warning:  #1295-D: Deprecated declaration enabletransmit - give arg types
uart.h(46): warning:  #1295-D: Deprecated declaration disabletransmit - give arg types
uart.h(48): warning:  #1295-D: Deprecated declaration uart0routine - give arg types
utils.h(42): warning:  #1-D: last line of file ends without a newline
main.c(30): warning:  #175-D: subscript out of range
main.c(62): warning:  #111-D: statement is unreachable
main.c(16): warning:  #177-D: variable "tempstringbffr" was declared but never referenced
main.c(18): warning:  #177-D: variable "tempstr" was declared but never referenced
linking...
Program Size: Code=1972 RO-data=32 RW-data=16 ZI-data=1360  
FromELF: creating hex file...
User command #1: fromelf --bin uart.axf -o 1uart.bin
"uart.axf" - 0 Error(s), 16 Warning(s).
Build target 'Target 1'
compiling main.c...
uart.h(18): warning:  #1295-D: Deprecated declaration readRBR - give arg types
uart.h(24): warning:  #1295-D: Deprecated declaration enableDLAB - give arg types
uart.h(26): warning:  #1295-D: Deprecated declaration disableDLAB - give arg types
uart.h(32): warning:  #1295-D: Deprecated declaration enableFIFO - give arg types
uart.h(34): warning:  #1295-D: Deprecated declaration disableFIFO - give arg types
uart.h(36): warning:  #1295-D: Deprecated declaration cleanFIFOregs - give arg types
uart.h(40): warning:  #1295-D: Deprecated declaration setLineCtrlReg - give arg types
uart.h(42): warning:  #1295-D: Deprecated declaration getlinestatus - give arg types
uart.h(44): warning:  #1295-D: Deprecated declaration enabletransmit - give arg types
uart.h(46): warning:  #1295-D: Deprecated declaration disabletransmit - give arg types
uart.h(48): warning:  #1295-D: Deprecated declaration uart0routine - give arg types
utils.h(42): warning:  #1-D: last line of file ends without a newline
main.c(30): warning:  #175-D: subscript out of range
main.c(74): warning:  #111-D: statement is unreachable
main.c(16): warning:  #177-D: variable "tempstringbffr" was declared but never referenced
main.c(18): warning:  #177-D: variable "tempstr" was declared but never referenced
linking...
Program Size: Code=2160 RO-data=112 RW-data=16 ZI-data=1360  
FromELF: creating hex file...
User command #1: fromelf --bin uart.axf -o 1uart.bin
"uart.axf" - 0 Error(s), 16 Warning(s).
Build target 'Target 1'
compiling main.c...
uart.h(18): warning:  #1295-D: Deprecated declaration readRBR - give arg types
uart.h(24): warning:  #1295-D: Deprecated declaration enableDLAB - give arg types
uart.h(26): warning:  #1295-D: Deprecated declaration disableDLAB - give arg types
uart.h(32): warning:  #1295-D: Deprecated declaration enableFIFO - give arg types
uart.h(34): warning:  #1295-D: Deprecated declaration disableFIFO - give arg types
uart.h(36): warning:  #1295-D: Deprecated declaration cleanFIFOregs - give arg types
uart.h(40): warning:  #1295-D: Deprecated declaration setLineCtrlReg - give arg types
uart.h(42): warning:  #1295-D: Deprecated declaration getlinestatus - give arg types
uart.h(44): warning:  #1295-D: Deprecated declaration enabletransmit - give arg types
uart.h(46): warning:  #1295-D: Deprecated declaration disabletransmit - give arg types
uart.h(48): warning:  #1295-D: Deprecated declaration uart0routine - give arg types
utils.h(42): warning:  #1-D: last line of file ends without a newline
main.c(30): warning:  #175-D: subscript out of range
main.c(76): warning:  #111-D: statement is unreachable
main.c(16): warning:  #177-D: variable "tempstringbffr" was declared but never referenced
main.c(18): warning:  #177-D: variable "tempstr" was declared but never referenced
compiling uart.c...
uart.h(18): warning:  #1295-D: Deprecated declaration readRBR - give arg types
uart.h(24): warning:  #1295-D: Deprecated declaration enableDLAB - give arg types
uart.h(26): warning:  #1295-D: Deprecated declaration disableDLAB - give arg types
uart.h(32): warning:  #1295-D: Deprecated declaration enableFIFO - give arg types
uart.h(34): warning:  #1295-D: Deprecated declaration disableFIFO - give arg types
uart.h(36): warning:  #1295-D: Deprecated declaration cleanFIFOregs - give arg types
uart.h(40): warning:  #1295-D: Deprecated declaration setLineCtrlReg - give arg types
uart.h(42): warning:  #1295-D: Deprecated declaration getlinestatus - give arg types
uart.h(44): warning:  #1295-D: Deprecated declaration enabletransmit - give arg types
uart.h(46): warning:  #1295-D: Deprecated declaration disabletransmit - give arg types
uart.h(48): warning:  #1295-D: Deprecated declaration uart0routine - give arg types
utils.h(42): warning:  #1-D: last line of file ends without a newline
uart.c(10): error:  #94-D: the size of an array must be greater than zero
uart.c(10): error:  #77-D: this declaration has no storage class or type specifier
uart.c(10): error:  #147: declaration is incompatible with "char BUFFER[100]" (declared at line 9)
uart.c(10): warning:  #520-D: initialization with "{...}" expected for aggregate object
uart.c(10): error:  #146: too many initializer values
Target not created
Build target 'Target 1'
compiling uart.c...
uart.h(18): warning:  #1295-D: Deprecated declaration readRBR - give arg types
uart.h(24): warning:  #1295-D: Deprecated declaration enableDLAB - give arg types
uart.h(26): warning:  #1295-D: Deprecated declaration disableDLAB - give arg types
uart.h(32): warning:  #1295-D: Deprecated declaration enableFIFO - give arg types
uart.h(34): warning:  #1295-D: Deprecated declaration disableFIFO - give arg types
uart.h(36): warning:  #1295-D: Deprecated declaration cleanFIFOregs - give arg types
uart.h(40): warning:  #1295-D: Deprecated declaration setLineCtrlReg - give arg types
uart.h(42): warning:  #1295-D: Deprecated declaration getlinestatus - give arg types
uart.h(44): warning:  #1295-D: Deprecated declaration enabletransmit - give arg types
uart.h(46): warning:  #1295-D: Deprecated declaration disabletransmit - give arg types
uart.h(48): warning:  #1295-D: Deprecated declaration uart0routine - give arg types
utils.h(42): warning:  #1-D: last line of file ends without a newline
uart.c(10): error:  #94-D: the size of an array must be greater than zero
uart.c(10): error:  #77-D: this declaration has no storage class or type specifier
uart.c(10): error:  #147: declaration is incompatible with "char BUFFER[100]" (declared at line 9)
uart.c(10): warning:  #520-D: initialization with "{...}" expected for aggregate object
uart.c(10): error:  #146: too many initializer values
Target not created
Build target 'Target 1'
compiling main.c...
uart.h(18): warning:  #1295-D: Deprecated declaration readRBR - give arg types
uart.h(24): warning:  #1295-D: Deprecated declaration enableDLAB - give arg types
uart.h(26): warning:  #1295-D: Deprecated declaration disableDLAB - give arg types
uart.h(32): warning:  #1295-D: Deprecated declaration enableFIFO - give arg types
uart.h(34): warning:  #1295-D: Deprecated declaration disableFIFO - give arg types
uart.h(36): warning:  #1295-D: Deprecated declaration cleanFIFOregs - give arg types
uart.h(40): warning:  #1295-D: Deprecated declaration setLineCtrlReg - give arg types
uart.h(42): warning:  #1295-D: Deprecated declaration getlinestatus - give arg types
uart.h(44): warning:  #1295-D: Deprecated declaration enabletransmit - give arg types
uart.h(46): warning:  #1295-D: Deprecated declaration disabletransmit - give arg types
uart.h(48): warning:  #1295-D: Deprecated declaration uart0routine - give arg types
utils.h(42): warning:  #1-D: last line of file ends without a newline
main.c(31): warning:  #175-D: subscript out of range
main.c(77): warning:  #111-D: statement is unreachable
main.c(16): warning:  #177-D: variable "tempstringbffr" was declared but never referenced
main.c(17): warning:  #177-D: variable "tempstr" was declared but never referenced
compiling uart.c...
uart.h(18): warning:  #1295-D: Deprecated declaration readRBR - give arg types
uart.h(24): warning:  #1295-D: Deprecated declaration enableDLAB - give arg types
uart.h(26): warning:  #1295-D: Deprecated declaration disableDLAB - give arg types
uart.h(32): warning:  #1295-D: Deprecated declaration enableFIFO - give arg types
uart.h(34): warning:  #1295-D: Deprecated declaration disableFIFO - give arg types
uart.h(36): warning:  #1295-D: Deprecated declaration cleanFIFOregs - give arg types
uart.h(40): warning:  #1295-D: Deprecated declaration setLineCtrlReg - give arg types
uart.h(42): warning:  #1295-D: Deprecated declaration getlinestatus - give arg types
uart.h(44): warning:  #1295-D: Deprecated declaration enabletransmit - give arg types
uart.h(46): warning:  #1295-D: Deprecated declaration disabletransmit - give arg types
uart.h(48): warning:  #1295-D: Deprecated declaration uart0routine - give arg types
utils.h(42): warning:  #1-D: last line of file ends without a newline
linking...
Program Size: Code=2204 RO-data=112 RW-data=16 ZI-data=1360  
FromELF: creating hex file...
User command #1: fromelf --bin uart.axf -o 1uart.bin
"uart.axf" - 0 Error(s), 28 Warning(s).
Build target 'Target 1'
assembling Startup.s...
compiling main.c...
uart.h(18): warning:  #1295-D: Deprecated declaration readRBR - give arg types
uart.h(24): warning:  #1295-D: Deprecated declaration enableDLAB - give arg types
uart.h(26): warning:  #1295-D: Deprecated declaration disableDLAB - give arg types
uart.h(32): warning:  #1295-D: Deprecated declaration enableFIFO - give arg types
uart.h(34): warning:  #1295-D: Deprecated declaration disableFIFO - give arg types
uart.h(36): warning:  #1295-D: Deprecated declaration cleanFIFOregs - give arg types
uart.h(40): warning:  #1295-D: Deprecated declaration setLineCtrlReg - give arg types
uart.h(42): warning:  #1295-D: Deprecated declaration getlinestatus - give arg types
uart.h(44): warning:  #1295-D: Deprecated declaration enabletransmit - give arg types
uart.h(46): warning:  #1295-D: Deprecated declaration disabletransmit - give arg types
uart.h(48): warning:  #1295-D: Deprecated declaration uart0routine - give arg types
utils.h(42): warning:  #1-D: last line of file ends without a newline
main.c(32): warning:  #175-D: subscript out of range
main.c(80): warning:  #111-D: statement is unreachable
main.c(17): warning:  #177-D: variable "tempstringbffr" was declared but never referenced
main.c(18): warning:  #177-D: variable "tempstr" was declared but never referenced
compiling utils.c...
utils.h(42): warning:  #1-D: last line of file ends without a newline
utils.c(45): warning:  #1-D: last line of file ends without a newline
compiling uart.c...
uart.h(18): warning:  #1295-D: Deprecated declaration readRBR - give arg types
uart.h(24): warning:  #1295-D: Deprecated declaration enableDLAB - give arg types
uart.h(26): warning:  #1295-D: Deprecated declaration disableDLAB - give arg types
uart.h(32): warning:  #1295-D: Deprecated declaration enableFIFO - give arg types
uart.h(34): warning:  #1295-D: Deprecated declaration disableFIFO - give arg types
uart.h(36): warning:  #1295-D: Deprecated declaration cleanFIFOregs - give arg types
uart.h(40): warning:  #1295-D: Deprecated declaration setLineCtrlReg - give arg types
uart.h(42): warning:  #1295-D: Deprecated declaration getlinestatus - give arg types
uart.h(44): warning:  #1295-D: Deprecated declaration enabletransmit - give arg types
uart.h(46): warning:  #1295-D: Deprecated declaration disabletransmit - give arg types
uart.h(48): warning:  #1295-D: Deprecated declaration uart0routine - give arg types
utils.h(42): warning:  #1-D: last line of file ends without a newline
linking...
Program Size: Code=2204 RO-data=112 RW-data=16 ZI-data=1360  
FromELF: creating hex file...
User command #1: fromelf --bin uart.axf -o 1uart.bin
"uart.axf" - 0 Error(s), 30 Warning(s).
Build target 'Target 1'
compiling main.c...
uart.h(18): warning:  #1295-D: Deprecated declaration readRBR - give arg types
uart.h(24): warning:  #1295-D: Deprecated declaration enableDLAB - give arg types
uart.h(26): warning:  #1295-D: Deprecated declaration disableDLAB - give arg types
uart.h(32): warning:  #1295-D: Deprecated declaration enableFIFO - give arg types
uart.h(34): warning:  #1295-D: Deprecated declaration disableFIFO - give arg types
uart.h(36): warning:  #1295-D: Deprecated declaration cleanFIFOregs - give arg types
uart.h(40): warning:  #1295-D: Deprecated declaration setLineCtrlReg - give arg types
uart.h(42): warning:  #1295-D: Deprecated declaration getlinestatus - give arg types
uart.h(44): warning:  #1295-D: Deprecated declaration enabletransmit - give arg types
uart.h(46): warning:  #1295-D: Deprecated declaration disabletransmit - give arg types
uart.h(48): warning:  #1295-D: Deprecated declaration uart0routine - give arg types
utils.h(42): warning:  #1-D: last line of file ends without a newline
main.c(32): warning:  #175-D: subscript out of range
main.c(80): warning:  #111-D: statement is unreachable
main.c(17): warning:  #177-D: variable "tempstringbffr" was declared but never referenced
main.c(18): warning:  #177-D: variable "tempstr" was declared but never referenced
linking...
Program Size: Code=2152 RO-data=112 RW-data=16 ZI-data=1360  
FromELF: creating hex file...
User command #1: fromelf --bin uart.axf -o 1uart.bin
"uart.axf" - 0 Error(s), 16 Warning(s).
Build target 'Target 1'
compiling main.c...
uart.h(18): warning:  #1295-D: Deprecated declaration readRBR - give arg types
uart.h(24): warning:  #1295-D: Deprecated declaration enableDLAB - give arg types
uart.h(26): warning:  #1295-D: Deprecated declaration disableDLAB - give arg types
uart.h(32): warning:  #1295-D: Deprecated declaration enableFIFO - give arg types
uart.h(34): warning:  #1295-D: Deprecated declaration disableFIFO - give arg types
uart.h(36): warning:  #1295-D: Deprecated declaration cleanFIFOregs - give arg types
uart.h(40): warning:  #1295-D: Deprecated declaration setLineCtrlReg - give arg types
uart.h(42): warning:  #1295-D: Deprecated declaration getlinestatus - give arg types
uart.h(44): warning:  #1295-D: Deprecated declaration enabletransmit - give arg types
uart.h(46): warning:  #1295-D: Deprecated declaration disabletransmit - give arg types
uart.h(48): warning:  #1295-D: Deprecated declaration uart0routine - give arg types
utils.h(42): warning:  #1-D: last line of file ends without a newline
main.c(32): warning:  #175-D: subscript out of range
main.c(80): warning:  #111-D: statement is unreachable
main.c(17): warning:  #177-D: variable "tempstringbffr" was declared but never referenced
main.c(18): warning:  #177-D: variable "tempstr" was declared but never referenced
linking...
Program Size: Code=2216 RO-data=108 RW-data=16 ZI-data=1360  
FromELF: creating hex file...
User command #1: fromelf --bin uart.axf -o 1uart.bin
"uart.axf" - 0 Error(s), 16 Warning(s).
Build target 'Target 1'
compiling main.c...
uart.h(18): warning:  #1295-D: Deprecated declaration readRBR - give arg types
uart.h(24): warning:  #1295-D: Deprecated declaration enableDLAB - give arg types
uart.h(26): warning:  #1295-D: Deprecated declaration disableDLAB - give arg types
uart.h(32): warning:  #1295-D: Deprecated declaration enableFIFO - give arg types
uart.h(34): warning:  #1295-D: Deprecated declaration disableFIFO - give arg types
uart.h(36): warning:  #1295-D: Deprecated declaration cleanFIFOregs - give arg types
uart.h(40): warning:  #1295-D: Deprecated declaration setLineCtrlReg - give arg types
uart.h(42): warning:  #1295-D: Deprecated declaration getlinestatus - give arg types
uart.h(44): warning:  #1295-D: Deprecated declaration enabletransmit - give arg types
uart.h(46): warning:  #1295-D: Deprecated declaration disabletransmit - give arg types
uart.h(48): warning:  #1295-D: Deprecated declaration uart0routine - give arg types
utils.h(42): warning:  #1-D: last line of file ends without a newline
main.c(32): warning:  #175-D: subscript out of range
main.c(80): warning:  #111-D: statement is unreachable
main.c(17): warning:  #177-D: variable "tempstringbffr" was declared but never referenced
main.c(18): warning:  #177-D: variable "tempstr" was declared but never referenced
linking...
Program Size: Code=2164 RO-data=108 RW-data=16 ZI-data=1360  
FromELF: creating hex file...
User command #1: fromelf --bin uart.axf -o 1uart.bin
"uart.axf" - 0 Error(s), 16 Warning(s).
Build target 'Target 1'
compiling main.c...
uart.h(18): warning:  #1295-D: Deprecated declaration readRBR - give arg types
uart.h(24): warning:  #1295-D: Deprecated declaration enableDLAB - give arg types
uart.h(26): warning:  #1295-D: Deprecated declaration disableDLAB - give arg types
uart.h(32): warning:  #1295-D: Deprecated declaration enableFIFO - give arg types
uart.h(34): warning:  #1295-D: Deprecated declaration disableFIFO - give arg types
uart.h(36): warning:  #1295-D: Deprecated declaration cleanFIFOregs - give arg types
uart.h(40): warning:  #1295-D: Deprecated declaration setLineCtrlReg - give arg types
uart.h(42): warning:  #1295-D: Deprecated declaration getlinestatus - give arg types
uart.h(44): warning:  #1295-D: Deprecated declaration enabletransmit - give arg types
uart.h(46): warning:  #1295-D: Deprecated declaration disabletransmit - give arg types
uart.h(48): warning:  #1295-D: Deprecated declaration uart0routine - give arg types
utils.h(42): warning:  #1-D: last line of file ends without a newline
main.c(32): warning:  #175-D: subscript out of range
main.c(82): warning:  #111-D: statement is unreachable
main.c(17): warning:  #177-D: variable "tempstringbffr" was declared but never referenced
main.c(18): warning:  #177-D: variable "tempstr" was declared but never referenced
linking...
Program Size: Code=2372 RO-data=108 RW-data=16 ZI-data=1360  
FromELF: creating hex file...
User command #1: fromelf --bin uart.axf -o 1uart.bin
"uart.axf" - 0 Error(s), 16 Warning(s).
